Product: MDK-ARM Professional 5.10
Component: ARM Compiler 5.04 update 1 (build 49)
Tool: armlink [5040049]

==============================================================================

Section Cross References

    stm32f10x_vector.o(RESET) refers to stm32f10x_vector.o(STACK) for __initial_sp
    stm32f10x_vector.o(RESET) refers to stm32f10x_vector.o(.text) for Reset_Handler
    stm32f10x_vector.o(RESET) refers to stm32f10x_it.o(i.NMIException) for NMIException
    stm32f10x_vector.o(RESET) refers to stm32f10x_it.o(i.HardFaultException) for HardFaultException
    stm32f10x_vector.o(RESET) refers to stm32f10x_it.o(i.MemManageException) for MemManageException
    stm32f10x_vector.o(RESET) refers to stm32f10x_it.o(i.BusFaultException) for BusFaultException
    stm32f10x_vector.o(RESET) refers to stm32f10x_it.o(i.UsageFaultException) for UsageFaultException
    stm32f10x_vector.o(RESET) refers to stm32f10x_it.o(i.SVCHandler) for SVCHandler
    stm32f10x_vector.o(RESET) refers to stm32f10x_it.o(i.DebugMonitor) for DebugMonitor
    stm32f10x_vector.o(RESET) refers to stm32f10x_it.o(i.PendSVC) for PendSVC
    stm32f10x_vector.o(RESET) refers to stm32f10x_timebase.o(i.SysTickHandler) for SysTickHandler
    stm32f10x_vector.o(RESET) refers to stm32f10x_it.o(i.WWDG_IRQHandler) for WWDG_IRQHandler
    stm32f10x_vector.o(RESET) refers to stm32f10x_it.o(i.PVD_IRQHandler) for PVD_IRQHandler
    stm32f10x_vector.o(RESET) refers to stm32f10x_it.o(i.TAMPER_IRQHandler) for TAMPER_IRQHandler
    stm32f10x_vector.o(RESET) refers to stm32f10x_it.o(i.RTC_IRQHandler) for RTC_IRQHandler
    stm32f10x_vector.o(RESET) refers to stm32f10x_it.o(i.FLASH_IRQHandler) for FLASH_IRQHandler
    stm32f10x_vector.o(RESET) refers to stm32f10x_it.o(i.RCC_IRQHandler) for RCC_IRQHandler
    stm32f10x_vector.o(RESET) refers to stm32f10x_it.o(i.EXTI0_IRQHandler) for EXTI0_IRQHandler
    stm32f10x_vector.o(RESET) refers to stm32f10x_it.o(i.EXTI1_IRQHandler) for EXTI1_IRQHandler
    stm32f10x_vector.o(RESET) refers to stm32f10x_it.o(i.EXTI2_IRQHandler) for EXTI2_IRQHandler
    stm32f10x_vector.o(RESET) refers to stm32f10x_it.o(i.EXTI3_IRQHandler) for EXTI3_IRQHandler
    stm32f10x_vector.o(RESET) refers to stm32f10x_it.o(i.EXTI4_IRQHandler) for EXTI4_IRQHandler
    stm32f10x_vector.o(RESET) refers to stm32f10x_it.o(i.DMA1_Channel1_IRQHandler) for DMA1_Channel1_IRQHandler
    stm32f10x_vector.o(RESET) refers to stm32f10x_it.o(i.DMA1_Channel2_IRQHandler) for DMA1_Channel2_IRQHandler
    stm32f10x_vector.o(RESET) refers to stm32f10x_it.o(i.DMA1_Channel3_IRQHandler) for DMA1_Channel3_IRQHandler
    stm32f10x_vector.o(RESET) refers to stm32f10x_it.o(i.DMA1_Channel4_IRQHandler) for DMA1_Channel4_IRQHandler
    stm32f10x_vector.o(RESET) refers to stm32f10x_it.o(i.DMA1_Channel5_IRQHandler) for DMA1_Channel5_IRQHandler
    stm32f10x_vector.o(RESET) refers to stm32f10x_it.o(i.DMA1_Channel6_IRQHandler) for DMA1_Channel6_IRQHandler
    stm32f10x_vector.o(RESET) refers to stm32f10x_it.o(i.DMA1_Channel7_IRQHandler) for DMA1_Channel7_IRQHandler
    stm32f10x_vector.o(RESET) refers to stm32f10x_it.o(i.ADC1_2_IRQHandler) for ADC1_2_IRQHandler
    stm32f10x_vector.o(RESET) refers to stm32f10x_it.o(i.USB_HP_CAN_TX_IRQHandler) for USB_HP_CAN_TX_IRQHandler
    stm32f10x_vector.o(RESET) refers to stm32f10x_it.o(i.USB_LP_CAN_RX0_IRQHandler) for USB_LP_CAN_RX0_IRQHandler
    stm32f10x_vector.o(RESET) refers to stm32f10x_it.o(i.CAN_RX1_IRQHandler) for CAN_RX1_IRQHandler
    stm32f10x_vector.o(RESET) refers to stm32f10x_it.o(i.CAN_SCE_IRQHandler) for CAN_SCE_IRQHandler
    stm32f10x_vector.o(RESET) refers to stm32f10x_it.o(i.EXTI9_5_IRQHandler) for EXTI9_5_IRQHandler
    stm32f10x_vector.o(RESET) refers to stm32f10x_it.o(i.TIM1_BRK_IRQHandler) for TIM1_BRK_IRQHandler
    stm32f10x_vector.o(RESET) refers to stm32f10x_it.o(i.TIM1_UP_IRQHandler) for TIM1_UP_IRQHandler
    stm32f10x_vector.o(RESET) refers to stm32f10x_it.o(i.TIM1_TRG_COM_IRQHandler) for TIM1_TRG_COM_IRQHandler
    stm32f10x_vector.o(RESET) refers to stm32f10x_it.o(i.TIM1_CC_IRQHandler) for TIM1_CC_IRQHandler
    stm32f10x_vector.o(RESET) refers to stm32f10x_hall.o(i.TIM2_IRQHandler) for TIM2_IRQHandler
    stm32f10x_vector.o(RESET) refers to stm32f10x_it.o(i.TIM3_IRQHandler) for TIM3_IRQHandler
    stm32f10x_vector.o(RESET) refers to stm32f10x_it.o(i.TIM4_IRQHandler) for TIM4_IRQHandler
    stm32f10x_vector.o(RESET) refers to stm32f10x_it.o(i.I2C1_EV_IRQHandler) for I2C1_EV_IRQHandler
    stm32f10x_vector.o(RESET) refers to stm32f10x_it.o(i.I2C1_ER_IRQHandler) for I2C1_ER_IRQHandler
    stm32f10x_vector.o(RESET) refers to stm32f10x_it.o(i.I2C2_EV_IRQHandler) for I2C2_EV_IRQHandler
    stm32f10x_vector.o(RESET) refers to stm32f10x_it.o(i.I2C2_ER_IRQHandler) for I2C2_ER_IRQHandler
    stm32f10x_vector.o(RESET) refers to stm32f10x_it.o(i.SPI1_IRQHandler) for SPI1_IRQHandler
    stm32f10x_vector.o(RESET) refers to stm32f10x_it.o(i.SPI2_IRQHandler) for SPI2_IRQHandler
[...]
    i.TIM1_TRG_COM_IRQHandler                0x080048d6   Section        0  stm32f10x_it.o(i.TIM1_TRG_COM_IRQHandler)
    i.TIM1_UP_IRQHandler                     0x080048d8   Section        0  stm32f10x_it.o(i.TIM1_UP_IRQHandler)
    i.TIM2_IRQHandler                        0x080048e4   Section        0  stm32f10x_hall.o(i.TIM2_IRQHandler)
    i.TIM3_IRQHandler                        0x08004b68   Section        0  stm32f10x_it.o(i.TIM3_IRQHandler)
    i.TIM4_IRQHandler                        0x08004b6a   Section        0  stm32f10x_it.o(i.TIM4_IRQHandler)
    i.TIM5_IRQHandler                        0x08004b6c   Section        0  stm32f10x_it.o(i.TIM5_IRQHandler)
    i.TIM6_IRQHandler                        0x08004b6e   Section        0  stm32f10x_it.o(i.TIM6_IRQHandler)
    i.TIM7_IRQHandler                        0x08004b70   Section        0  stm32f10x_it.o(i.TIM7_IRQHandler)
    i.TIM8_BRK_IRQHandler                    0x08004b72   Section        0  stm32f10x_it.o(i.TIM8_BRK_IRQHandler)
    i.TIM8_CC_IRQHandler                     0x08004b74   Section        0  stm32f10x_it.o(i.TIM8_CC_IRQHandler)
    i.TIM8_TRG_COM_IRQHandler                0x08004b76   Section        0  stm32f10x_it.o(i.TIM8_TRG_COM_IRQHandler)
    i.TIM8_UP_IRQHandler                     0x08004b78   Section        0  stm32f10x_it.o(i.TIM8_UP_IRQHandler)
    i.TIM_BDTRConfig                         0x08004b7a   Section        0  stm32f10x_tim.o(i.TIM_BDTRConfig)
    i.TIM_ClearFlag                          0x08004b9c   Section        0  stm32f10x_tim.o(i.TIM_ClearFlag)
    i.TIM_ClearITPendingBit                  0x08004ba2   Section        0  stm32f10x_tim.o(i.TIM_ClearITPendingBit)
    i.TIM_Cmd                                0x08004ba8   Section        0  stm32f10x_tim.o(i.TIM_Cmd)
    i.TIM_CtrlPWMOutputs                     0x08004bbe   Section        0  stm32f10x_tim.o(i.TIM_CtrlPWMOutputs)
    i.TIM_DeInit                             0x08004bd4   Section        0  stm32f10x_tim.o(i.TIM_DeInit)
    i.TIM_GetCapture1                        0x08004c88   Section        0  stm32f10x_tim.o(i.TIM_GetCapture1)
    i.TIM_GetFlagStatus                      0x08004c8c   Section        0  stm32f10x_tim.o(i.TIM_GetFlagStatus)
    i.TIM_ICInit                             0x08004c9a   Section        0  stm32f10x_tim.o(i.TIM_ICInit)
    i.TIM_ICStructInit                       0x08004d42   Section        0  stm32f10x_tim.o(i.TIM_ICStructInit)
    i.TIM_ITConfig                           0x08004d52   Section        0  stm32f10x_tim.o(i.TIM_ITConfig)
    i.TIM_InternalClockConfig                0x08004d62   Section        0  stm32f10x_tim.o(i.TIM_InternalClockConfig)
    i.TIM_OC1Init                            0x08004d6c   Section        0  stm32f10x_tim.o(i.TIM_OC1Init)
    i.TIM_OC1PreloadConfig                   0x08004dcc   Section        0  stm32f10x_tim.o(i.TIM_OC1PreloadConfig)
    i.TIM_OC2Init                            0x08004dd8   Section        0  stm32f10x_tim.o(i.TIM_OC2Init)
    i.TIM_OC3Init                            0x08004e58   Section        0  stm32f10x_tim.o(i.TIM_OC3Init)
    i.TIM_OC4Init                            0x08004ed4   Section        0  stm32f10x_tim.o(i.TIM_OC4Init)
    i.TIM_OCStructInit                       0x08004f38   Section        0  stm32f10x_tim.o(i.TIM_OCStructInit)
    i.TIM_PrescalerConfig                    0x08004f4c   Section        0  stm32f10x_tim.o(i.TIM_PrescalerConfig)
    i.TIM_SelectHallSensor                   0x08004f52   Section        0  stm32f10x_tim.o(i.TIM_SelectHallSensor)
    i.TIM_SelectInputTrigger                 0x08004f66   Section        0  stm32f10x_tim.o(i.TIM_SelectInputTrigger)
    i.TIM_SelectOutputTrigger                0x08004f72   Section        0  stm32f10x_tim.o(i.TIM_SelectOutputTrigger)
    i.TIM_SelectSlaveMode                    0x08004f82   Section        0  stm32f10x_tim.o(i.TIM_SelectSlaveMode)
    i.TIM_SetCompare3                        0x08004f92   Section        0  stm32f10x_tim.o(i.TIM_SetCompare3)
    i.TIM_SetCompare4                        0x08004f96   Section        0  stm32f10x_tim.o(i.TIM_SetCompare4)
    i.TIM_SetCounter                         0x08004f9c   Section        0  stm32f10x_tim.o(i.TIM_SetCounter)
    i.TIM_SetIC1Prescaler                    0x08004fa0   Section        0  stm32f10x_tim.o(i.TIM_SetIC1Prescaler)
    i.TIM_SetIC2Prescaler                    0x08004fb0   Section        0  stm32f10x_tim.o(i.TIM_SetIC2Prescaler)
    i.TIM_SetIC3Prescaler                    0x08004fc8   Section        0  stm32f10x_tim.o(i.TIM_SetIC3Prescaler)
    i.TIM_SetIC4Prescaler                    0x08004fd8   Section        0  stm32f10x_tim.o(i.TIM_SetIC4Prescaler)
    i.TIM_TimeBaseInit                       0x08004ff0   Section        0  stm32f10x_tim.o(i.TIM_TimeBaseInit)
    i.TIM_TimeBaseStructInit                 0x0800502c   Section        0  stm32f10x_tim.o(i.TIM_TimeBaseStructInit)
    i.TIM_UpdateRequestConfig                0x0800503e   Section        0  stm32f10x_tim.o(i.TIM_UpdateRequestConfig)
    i.Trig_Functions                         0x08005054   Section        0  mc_clarke_park.o(i.Trig_Functions)
    i.UART4_IRQHandler                       0x080050c8   Section        0  stm32f10x_it.o(i.UART4_IRQHandler)
    i.UART5_IRQHandler                       0x080050ca   Section        0  stm32f10x_it.o(i.UART5_IRQHandler)
    i.USART1_IRQHandler                      0x080050cc   Section        0  stm32f10x_it.o(i.USART1_IRQHandler)
    i.USART2_IRQHandler                      0x080050ce   Section        0  stm32f10x_it.o(i.USART2_IRQHandler)
    i.USART3_IRQHandler                      0x080050d0   Section        0  stm32f10x_it.o(i.USART3_IRQHandler)
    i.USBWakeUp_IRQHandler                   0x080050d2   Section        0  stm32f10x_it.o(i.USBWakeUp_IRQHandler)
    i.USB_HP_CAN_TX_IRQHandler               0x080050d4   Section        0  stm32f10x_it.o(i.USB_HP_CAN_TX_IRQHandler)
    i.USB_LP_CAN_RX0_IRQHandler              0x080050d6   Section        0  stm32f10x_it.o(i.USB_LP_CAN_RX0_IRQHandler)
    i.UsageFaultException                    0x080050d8   Section        0  stm32f10x_it.o(i.UsageFaultException)
    i.WWDG_IRQHandler                        0x080050da   Section        0  stm32f10x_it.o(i.WWDG_IRQHandler)
    i.__scatterload_copy                     0x080050dc   Section       14  handlers.o(i.__scatterload_copy)
    i.__scatterload_null                     0x080050ea   Section        2  handlers.o(i.__scatterload_null)
    i.__scatterload_zeroinit                 0x080050ec   Section       14  handlers.o(i.__scatterload_zeroinit)
    i.main                                   0x080050fc   Section        0  main.o(i.main)
    .constdata                               0x0800520c   Section      652  mc_clarke_park.o(.constdata)
    .constdata                               0x08005498   Section     4560  stm32f10x_lcd.o(.constdata)
    .conststring                             0x08006668   Section      549  stm32f10x_mcdac.o(.conststring)
    .data                                    0x20000000   Section        4  mc_clarke_park.o(.data)
    Vector_Components                        0x20000000   Data           4  mc_clarke_park.o(.data)
    .data                                    0x20000004   Section        8  mc_foc_drive.o(.data)
    Stat_Curr_q_d_ref                        0x20000004   Data           4  mc_foc_drive.o(.data)
    Stat_Curr_q_d_ref_ref                    0x20000008   Data           4  mc_foc_drive.o(.data)
    .data                                    0x2000000c   Section       12  mc_motorcontrol_layer.o(.data)
    h_BusV_Average                           0x2000000c   Data           2  mc_motorcontrol_layer.o(.data)
    w_Temp_Average                           0x20000014   Data           4  mc_motorcontrol_layer.o(.data)
    .data                                    0x20000018   Section        4  mc_globals.o(.data)
    .data                                    0x2000001c   Section        4  mc_globals.o(.data)
    .data                                    0x20000020   Section        4  mc_globals.o(.data)
    .data                                    0x20000024   Section        4  mc_globals.o(.data)
    .data                                    0x20000028   Section        4  mc_globals.o(.data)
    .data                                    0x2000002c   Section        4  mc_globals.o(.data)
    .data                                    0x20000030   Section        1  mc_globals.o(.data)
    .data                                    0x20000032   Section        2  mc_globals.o(.data)
    .data                                    0x20000034   Section        2  mc_globals.o(.data)
    .data                                    0x20000036   Section        2  mc_globals.o(.data)
    .data                                    0x20000038   Section       36  mc_state_observer_interface.o(.data)
    Start_Up_State                           0x20000038   Data           1  mc_state_observer_interface.o(.data)
    bCounter                                 0x20000039   Data           1  mc_state_observer_interface.o(.data)
    hAngle                                   0x2000003a   Data           2  mc_state_observer_interface.o(.data)
    bConvCounter                             0x20000040   Data           2  mc_state_observer_interface.o(.data)
    hFreq_Inc                                0x20000042   Data           2  mc_state_observer_interface.o(.data)
    wTime                                    0x20000044   Data           4  mc_state_observer_interface.o(.data)
    wStart_Up_Freq                           0x20000048   Data           4  mc_state_observer_interface.o(.data)
    wStart_Up_I                              0x20000054   Data           4  mc_state_observer_interface.o(.data)
    hI_Inc                                   0x20000058   Data           4  mc_state_observer_interface.o(.data)
    .data                                    0x2000005c   Section       18  stm32f10x_hall.o(.data)
    bHallState                               0x2000005c   Data           1  stm32f10x_hall.o(.data)
    bSpeed                                   0x20000064   Data           1  stm32f10x_hall.o(.data)
    hPrevRotorFreq                           0x20000066   Data           2  stm32f10x_hall.o(.data)
    hElectrical_Angle                        0x2000006a   Data           2  stm32f10x_hall.o(.data)
    hRotorFreq_dpp                           0x2000006c   Data           2  stm32f10x_hall.o(.data)
    .data                                    0x2000006e   Section       12  stm32f10x_timebase.o(.data)
    hStart_Up_TimeLeft_500us                 0x20000070   Data           2  stm32f10x_timebase.o(.data)
    hTimebase_500us                          0x20000072   Data           2  stm32f10x_timebase.o(.data)
    hTimebase_display_500us                  0x20000074   Data           2  stm32f10x_timebase.o(.data)
    hKey_debounce_500us                      0x20000076   Data           2  stm32f10x_timebase.o(.data)
    hSpeedMeas_Timebase_500us                0x20000078   Data           2  stm32f10x_timebase.o(.data)
    .data                                    0x2000007c   Section      119  stm32f10x_mcdac.o(.data)
    .data                                    0x200000f4   Section        6  stm32f10x_svpwm_ics.o(.data)
    bIndex                                   0x200000f4   Data           1  stm32f10x_svpwm_ics.o(.data)
    hPhaseAOffset                            0x200000f6   Data           2  stm32f10x_svpwm_ics.o(.data)
    hPhaseBOffset                            0x200000f8   Data           2  stm32f10x_svpwm_ics.o(.data)
    .data                                    0x200000fa   Section        2  mc_display.o(.data)
    bPrevious_Visualization                  0x200000fa   Data           1  mc_display.o(.data)
    bPresent_Visualization                   0x200000fb   Data           1  mc_display.o(.data)
    .data                                    0x200000fc   Section        4  mc_keys.o(.data)
    bKey                                     0x200000fc   Data           1  mc_keys.o(.data)
    bPrevious_key                            0x200000fd   Data           1  mc_keys.o(.data)
    bKey_Flag                                0x200000fe   Data           1  mc_keys.o(.data)
    .data                                    0x20000100   Section        8  stm32f10x_lcd.o(.data)
    TextColor                                0x20000100   Data           2  stm32f10x_lcd.o(.data)
    BackColor                                0x20000102   Data           2  stm32f10x_lcd.o(.data)
    LCDType                                  0x20000104   Data           4  stm32f10x_lcd.o(.data)
    .data                                    0x20000108   Section        8  stm32f10x_rcc.o(.data)
    HSEStatus                                0x20000108   Data           1  stm32f10x_rcc.o(.data)
    StartUpCounter                           0x2000010c   Data           4  stm32f10x_rcc.o(.data)
    .data                                    0x20000110   Section       60  mc_state_observer.o(.data)
    Max_Speed_Out                            0x20000110   Data           1  mc_state_observer.o(.data)
    Min_Speed_Out                            0x20000111   Data           1  mc_state_observer.o(.data)
    Is_Speed_Reliable                        0x20000112   Data           1  mc_state_observer.o(.data)
    bSpeed_Buffer_Index                      0x20000113   Data           1  mc_state_observer.o(.data)
    hBemf_alfa_est                           0x20000114   Data           2  mc_state_observer.o(.data)
    hBemf_beta_est                           0x20000116   Data           2  mc_state_observer.o(.data)
    hRotor_El_Angle                          0x20000118   Data           2  mc_state_observer.o(.data)
    hRotor_Speed_dpp                         0x2000011a   Data           2  mc_state_observer.o(.data)
    hC2                                      0x2000011c   Data           2  mc_state_observer.o(.data)
    hC4                                      0x2000011e   Data           2  mc_state_observer.o(.data)
    hF1                                      0x20000120   Data           2  mc_state_observer.o(.data)
    hF2                                      0x20000122   Data           2  mc_state_observer.o(.data)
    hF3                                      0x20000124   Data           2  mc_state_observer.o(.data)
    hC1                                      0x20000126   Data           2  mc_state_observer.o(.data)
    hC3                                      0x20000128   Data           2  mc_state_observer.o(.data)
    hC5                                      0x2000012a   Data           2  mc_state_observer.o(.data)
    hC6                                      0x2000012c   Data           2  mc_state_observer.o(.data)
    hSpeed_P_Gain                            0x2000012e   Data           2  mc_state_observer.o(.data)
    hSpeed_I_Gain                            0x20000130   Data           2  mc_state_observer.o(.data)
    hPercentageFactor                        0x20000132   Data           2  mc_state_observer.o(.data)
    wIalfa_est                               0x20000134   Data           4  mc_state_observer.o(.data)
    wIbeta_est                               0x20000138   Data           4  mc_state_observer.o(.data)
    wBemf_alfa_est                           0x2000013c   Data           4  mc_state_observer.o(.data)
    wBemf_beta_est                           0x20000140   Data           4  mc_state_observer.o(.data)
    wSpeed_PI_integral_sum                   0x20000144   Data           4  mc_state_observer.o(.data)
    wMotorMaxSpeed_dpp                       0x20000148   Data           4  mc_state_observer.o(.data)
    .bss                                     0x2000014c   Section       32  mc_globals.o(.bss)
    .bss                                     0x2000016c   Section       32  mc_globals.o(.bss)
    .bss                                     0x2000018c   Section       32  mc_globals.o(.bss)
    .bss                                     0x200001ac   Section       36  stm32f10x_hall.o(.bss)
    .bss                                     0x200001d0   Section       46  stm32f10x_mcdac.o(.bss)
    .bss                                     0x200001fe   Section      128  mc_state_observer.o(.bss)
    hSpeed_Buffer                            0x200001fe   Data         128  mc_state_observer.o(.bss)
    STACK                                    0x20000280   Section     1024  stm32f10x_vector.o(STACK)

    Global Symbols

    Symbol Name                              Value     Ov Type        Size  Object(Section)

    BuildAttributes$$THM_ISAv4$P$D$K$B$S$PE$A:L22UL41UL21$X:L11$S22US41US21$IEEE1$IW$USESV6$~STKCKD$USESV7$~SHL$OTIME$ROPI$EBA8$MICROLIB$REQ8$PRES8$EABIv2 0x00000000   Number         0  anon$$obj.o ABSOLUTE
    __ARM_use_no_argv                        0x00000000   Number         0  main.o ABSOLUTE
    __cpp_initialize__aeabi_                  - Undefined Weak Reference
    __cxa_finalize                            - Undefined Weak Reference
    _clock_init                               - Undefined Weak Reference
    _microlib_exit                            - Undefined Weak Reference
    __Vectors                                0x08000000   Data           4  stm32f10x_vector.o(RESET)
    __main                                   0x08000131   Thumb Code     0  entry.o(.ARM.Collect$$$$00000000)
    _main_stk                                0x08000131   Thumb Code     0  entry2.o(.ARM.Collect$$$$00000001)
    _main_scatterload                        0x08000135   Thumb Code     0  entry5.o(.ARM.Collect$$$$00000004)
    __main_after_scatterload                 0x08000139   Thumb Code     0  entry5.o(.ARM.Collect$$$$00000004)
    _main_clock                              0x08000139   Thumb Code     0  entry7b.o(.ARM.Collect$$$$00000008)
    _main_cpp_init                           0x08000139   Thumb Code     0  entry8b.o(.ARM.Collect$$$$0000000A)
    _main_init                               0x08000139   Thumb Code     0  entry9a.o(.ARM.Collect$$$$0000000B)
    __rt_final_cpp                           0x08000141   Thumb Code     0  entry10a.o(.ARM.Collect$$$$0000000D)
    __rt_final_exit                          0x08000141   Thumb Code     0  entry11a.o(.ARM.Collect$$$$0000000F)
    Reset_Handler                            0x08000145   Thumb Code     4  stm32f10x_vector.o(.text)
    __aeabi_memset                           0x0800014d   Thumb Code    14  memseta.o(.text)
    __aeabi_memset4                          0x0800014d   Thumb Code     0  memseta.o(.text)
    __aeabi_memset8                          0x0800014d   Thumb Code     0  memseta.o(.text)
    __aeabi_memclr                           0x0800015b   Thumb Code     4  memseta.o(.text)
    __aeabi_memclr4                          0x0800015b   Thumb Code     0  memseta.o(.text)
    __aeabi_memclr8                          0x0800015b   Thumb Code     0  memseta.o(.text)
    _memset$wrapper                          0x0800015f   Thumb Code    18  memseta.o(.text)
    __aeabi_dmul                             0x08000171   Thumb Code   228  dmul.o(.text)
    __aeabi_ddiv                             0x08000255   Thumb Code   222  ddiv.o(.text)
    __ARM_scalbn                             0x08000333   Thumb Code    46  dscalb.o(.text)
    scalbn                                   0x08000333   Thumb Code     0  dscalb.o(.text)
    __aeabi_i2d                              0x08000361   Thumb Code    34  dflti.o(.text)
    __aeabi_d2iz                             0x08000383   Thumb Code    62  dfixi.o(.text)
    __aeabi_llsr                             0x080003c1   Thumb Code    32  llushr.o(.text)
    _ll_ushift_r                             0x080003c1   Thumb Code     0  llushr.o(.text)
    __I$use$fp                               0x080003e1   Thumb Code     0  iusefp.o(.text)
    _double_round                            0x080003e1   Thumb Code    26  depilogue.o(.text)
    _double_epilogue                         0x080003fb   Thumb Code   156  depilogue.o(.text)
    __scatterload                            0x08000499   Thumb Code    28  init.o(.text)
    __scatterload_rt2                        0x08000499   Thumb Code     0  init.o(.text)
    __aeabi_llsl                             0x080004bd   Thumb Code    30  llshl.o(.text)
    _ll_shift_l                              0x080004bd   Thumb Code     0  llshl.o(.text)
    __decompress                             0x080004db   Thumb Code     0  __dczerorl2.o(.text)
    __decompress1                            0x080004db   Thumb Code    86  __dczerorl2.o(.text)
    ADC1_2_IRQHandler                        0x08000531   Thumb Code   288  stm32f10x_it.o(i.ADC1_2_IRQHandler)
    ADC3_IRQHandler                          0x08000675   Thumb Code     2  stm32f10x_it.o(i.ADC3_IRQHandler)
    ADC_ClearFlag                            0x08000677   Thumb Code     6  stm32f10x_adc.o(i.ADC_ClearFlag)
    ADC_Cmd                                  0x0800067d   Thumb Code    20  stm32f10x_adc.o(i.ADC_Cmd)
    ADC_DeInit                               0x08000691   Thumb Code    56  stm32f10x_adc.o(i.ADC_DeInit)
    ADC_ExternalTrigInjectedConvCmd          0x080006cd   Thumb Code    20  stm32f10x_adc.o(i.ADC_ExternalTrigInjectedConvCmd)
    ADC_ExternalTrigInjectedConvConfig       0x080006e1   Thumb Code    12  stm32f10x_adc.o(i.ADC_ExternalTrigInjectedConvConfig)
    ADC_GetCalibrationStatus                 0x080006ed   Thumb Code    14  stm32f10x_adc.o(i.ADC_GetCalibrationStatus)
    ADC_GetFlagStatus                        0x080006fb   Thumb Code    14  stm32f10x_adc.o(i.ADC_GetFlagStatus)
    ADC_GetInjectedConversionValue           0x08000709   Thumb Code     8  stm32f10x_adc.o(i.ADC_GetInjectedConversionValue)
    ADC_ITConfig                             0x08000711   Thumb Code    18  stm32f10x_adc.o(i.ADC_ITConfig)
    ADC_Init                                 0x08000725   Thumb Code    62  stm32f10x_adc.o(i.ADC_Init)
    ADC_InjectedChannelConfig                0x0800076d   Thumb Code    74  stm32f10x_adc.o(i.ADC_InjectedChannelConfig)
    ADC_InjectedSequencerLengthConfig        0x080007b7   Thumb Code    16  stm32f10x_adc.o(i.ADC_InjectedSequencerLengthConfig)
    ADC_SoftwareStartInjectedConvCmd         0x080007c7   Thumb Code    20  stm32f10x_adc.o(i.ADC_SoftwareStartInjectedConvCmd)
    ADC_StartCalibration                     0x080007db   Thumb Code    10  stm32f10x_adc.o(i.ADC_StartCalibration)
    ADC_StructInit                           0x080007e5   Thumb Code    18  stm32f10x_adc.o(i.ADC_StructInit)
    BusFaultException                        0x080007f7   Thumb Code     2  stm32f10x_it.o(i.BusFaultException)
    CAN_RX1_IRQHandler                       0x080007f9   Thumb Code     2  stm32f10x_it.o(i.CAN_RX1_IRQHandler)
    CAN_SCE_IRQHandler                       0x080007fb   Thumb Code     2  stm32f10x_it.o(i.CAN_SCE_IRQHandler)
    Clarke                                   0x080007fd   Thumb Code    50  mc_clarke_park.o(i.Clarke)
    ComputeVisualization                     0x08000831   Thumb Code    78  mc_display.o(i.ComputeVisualization)
    DBGMCU_Config                            0x08000885   Thumb Code    18  stm32f10x_dbgmcu.o(i.DBGMCU_Config)
    DMA1_Channel1_IRQHandler                 0x0800089d   Thumb Code     2  stm32f10x_it.o(i.DMA1_Channel1_IRQHandler)
    DMA1_Channel2_IRQHandler                 0x0800089f   Thumb Code     2  stm32f10x_it.o(i.DMA1_Channel2_IRQHandler)
    DMA1_Channel3_IRQHandler                 0x080008a1   Thumb Code     2  stm32f10x_it.o(i.DMA1_Channel3_IRQHandler)
    DMA1_Channel4_IRQHandler                 0x080008a3   Thumb Code     2  stm32f10x_it.o(i.DMA1_Channel4_IRQHandler)
    DMA1_Channel5_IRQHandler                 0x080008a5   Thumb Code     2  stm32f10x_it.o(i.DMA1_Channel5_IRQHandler)
    DMA1_Channel6_IRQHandler                 0x080008a7   Thumb Code     2  stm32f10x_it.o(i.DMA1_Channel6_IRQHandler)
    DMA1_Channel7_IRQHandler                 0x080008a9   Thumb Code     2  stm32f10x_it.o(i.DMA1_Channel7_IRQHandler)
    DMA2_Channel1_IRQHandler                 0x080008ab   Thumb Code     2  stm32f10x_it.o(i.DMA2_Channel1_IRQHandler)
    DMA2_Channel2_IRQHandler                 0x080008ad   Thumb Code     2  stm32f10x_it.o(i.DMA2_Channel2_IRQHandler)
    DMA2_Channel3_IRQHandler                 0x080008af   Thumb Code     2  stm32f10x_it.o(i.DMA2_Channel3_IRQHandler)
    DMA2_Channel4_5_IRQHandler               0x080008b1   Thumb Code     2  stm32f10x_it.o(i.DMA2_Channel4_5_IRQHandler)
    DebugMonitor                             0x080008b3   Thumb Code     2  stm32f10x_it.o(i.DebugMonitor)
    Display_5DigitSignedNumber               0x080008b5   Thumb Code   148  mc_display.o(i.Display_5DigitSignedNumber)
    Display_LCD                              0x08000949   Thumb Code  3448  mc_display.o(i.Display_LCD)
    Display_Welcome_Message                  0x080016f1   Thumb Code    30  mc_display.o(i.Display_Welcome_Message)
    EXTI0_IRQHandler                         0x08001759   Thumb Code     2  stm32f10x_it.o(i.EXTI0_IRQHandler)
    EXTI15_10_IRQHandler                     0x0800175b   Thumb Code     2  stm32f10x_it.o(i.EXTI15_10_IRQHandler)
    EXTI1_IRQHandler                         0x0800175d   Thumb Code     2  stm32f10x_it.o(i.EXTI1_IRQHandler)
    EXTI2_IRQHandler                         0x0800175f   Thumb Code     2  stm32f10x_it.o(i.EXTI2_IRQHandler)
    EXTI3_IRQHandler                         0x08001761   Thumb Code     2  stm32f10x_it.o(i.EXTI3_IRQHandler)
    EXTI4_IRQHandler                         0x08001763   Thumb Code     2  stm32f10x_it.o(i.EXTI4_IRQHandler)
    EXTI9_5_IRQHandler                       0x08001765   Thumb Code     2  stm32f10x_it.o(i.EXTI9_5_IRQHandler)
    FLASH_IRQHandler                         0x08001767   Thumb Code     2  stm32f10x_it.o(i.FLASH_IRQHandler)
    FLASH_PrefetchBufferCmd                  0x08001769   Thumb Code    18  stm32f10x_flash.o(i.FLASH_PrefetchBufferCmd)
    FLASH_SetLatency                         0x08001781   Thumb Code    18  stm32f10x_flash.o(i.FLASH_SetLatency)
    FOC_CalcFluxTorqueRef                    0x08001799   Thumb Code    52  mc_foc_drive.o(i.FOC_CalcFluxTorqueRef)
    FOC_Init                                 0x080017e1   Thumb Code    16  mc_foc_drive.o(i.FOC_Init)
    FOC_Model                                0x080017f5   Thumb Code   112  mc_foc_drive.o(i.FOC_Model)
    FOC_TorqueCtrl                           0x08001885   Thumb Code    16  mc_foc_drive.o(i.FOC_TorqueCtrl)
    FSMC_IRQHandler                          0x080018a1   Thumb Code     2  stm32f10x_it.o(i.FSMC_IRQHandler)
    GPIO_Configuration                       0x080018a5   Thumb Code    54  main.o(i.GPIO_Configuration)
    GPIO_DeInit                              0x080018e1   Thumb Code   152  stm32f10x_gpio.o(i.GPIO_DeInit)
    GPIO_Init                                0x08001981   Thumb Code   160  stm32f10x_gpio.o(i.GPIO_Init)
    GPIO_PinLockConfig                       0x08001a21   Thumb Code    16  stm32f10x_gpio.o(i.GPIO_PinLockConfig)
    GPIO_PinRemapConfig                      0x08001a31   Thumb Code    66  stm32f10x_gpio.o(i.GPIO_PinRemapConfig)
    GPIO_ReadInputData                       0x08001a79   Thumb Code     6  stm32f10x_gpio.o(i.GPIO_ReadInputData)
    GPIO_ReadInputDataBit                    0x08001a7f   Thumb Code    14  stm32f10x_gpio.o(i.GPIO_ReadInputDataBit)
    GPIO_StructInit                          0x08001a8d   Thumb Code    16  stm32f10x_gpio.o(i.GPIO_StructInit)
    GPIO_WriteBit                            0x08001a9d   Thumb Code    10  stm32f10x_gpio.o(i.GPIO_WriteBit)
    GetAvrgHallPeriod                        0x08001aa9   Thumb Code    80  stm32f10x_hall.o(i.GetAvrgHallPeriod)
    GetLastHallPeriod                        0x08001afd   Thumb Code    38  stm32f10x_hall.o(i.GetLastHallPeriod)
    HALL_GetElectricalAngle                  0x08001b2d   Thumb Code     8  stm32f10x_hall.o(i.HALL_GetElectricalAngle)
    HALL_GetRotorFreq                        0x08001b39   Thumb Code   100  stm32f10x_hall.o(i.HALL_GetRotorFreq)
    HALL_GetSpeed                            0x08001ba9   Thumb Code    32  stm32f10x_hall.o(i.HALL_GetSpeed)
    HALL_HallTimerInit                       0x08001bd1   Thumb Code   240  stm32f10x_hall.o(i.HALL_HallTimerInit)
    HALL_IncElectricalAngle                  0x08001cc5   Thumb Code    34  stm32f10x_hall.o(i.HALL_IncElectricalAngle)
    HALL_InitHallMeasure                     0x08001ced   Thumb Code   134  stm32f10x_hall.o(i.HALL_InitHallMeasure)
    HALL_Init_Electrical_Angle               0x08001d7d   Thumb Code    62  stm32f10x_hall.o(i.HALL_Init_Electrical_Angle)
    HardFaultException                       0x08001dc1   Thumb Code     2  stm32f10x_it.o(i.HardFaultException)
    I2C1_ER_IRQHandler                       0x08001dc3   Thumb Code     2  stm32f10x_it.o(i.I2C1_ER_IRQHandler)
    I2C1_EV_IRQHandler                       0x08001dc5   Thumb Code     2  stm32f10x_it.o(i.I2C1_EV_IRQHandler)
    I2C2_ER_IRQHandler                       0x08001dc7   Thumb Code     2  stm32f10x_it.o(i.I2C2_ER_IRQHandler)
    I2C2_EV_IRQHandler                       0x08001dc9   Thumb Code     2  stm32f10x_it.o(i.I2C2_EV_IRQHandler)
    IsObserverConverged                      0x08001dcd   Thumb Code   122  mc_state_observer_interface.o(i.IsObserverConverged)
    KEYS_ExportbKey                          0x08001e4d   Thumb Code     6  mc_keys.o(i.KEYS_ExportbKey)
    KEYS_Init                                0x08001e59   Thumb Code   134  mc_keys.o(i.KEYS_Init)
    KEYS_Read                                0x08001eed   Thumb Code   214  mc_keys.o(i.KEYS_Read)
    KEYS_process                             0x08001fd5   Thumb Code  1256  mc_keys.o(i.KEYS_process)
    LCD_Clear                                0x080024c1   Thumb Code    74  stm32f10x_lcd.o(i.LCD_Clear)
    LCD_ClearLine                            0x08002515   Thumb Code     6  stm32f10x_lcd.o(i.LCD_ClearLine)
    LCD_CtrlLinesConfig                      0x08002535   Thumb Code    68  stm32f10x_lcd.o(i.LCD_CtrlLinesConfig)
    LCD_CtrlLinesWrite                       0x08002581   Thumb Code     4  stm32f10x_lcd.o(i.LCD_CtrlLinesWrite)
    LCD_DisplayChar                          0x08002585   Thumb Code    18  stm32f10x_lcd.o(i.LCD_DisplayChar)
    LCD_DisplayStringLine                    0x0800259d   Thumb Code    46  stm32f10x_lcd.o(i.LCD_DisplayStringLine)
    LCD_DrawChar                             0x080025cd   Thumb Code   110  stm32f10x_lcd.o(i.LCD_DrawChar)
    LCD_Init                                 0x08002645   Thumb Code    40  stm32f10x_lcd.o(i.LCD_Init)
    LCD_ReadReg                              0x08002671   Thumb Code   184  stm32f10x_lcd.o(i.LCD_ReadReg)
    LCD_SPIConfig                            0x08002731   Thumb Code   170  stm32f10x_lcd.o(i.LCD_SPIConfig)
    LCD_SetBackColor                         0x080027e9   Thumb Code    12  stm32f10x_lcd.o(i.LCD_SetBackColor)
    LCD_SetCursor                            0x080027f9   Thumb Code    72  stm32f10x_lcd.o(i.LCD_SetCursor)
    LCD_SetTextColor                         0x08002845   Thumb Code    12  stm32f10x_lcd.o(i.LCD_SetTextColor)
    LCD_Setup                                0x08002855   Thumb Code  1248  stm32f10x_lcd.o(i.LCD_Setup)
    LCD_WriteRAM                             0x08002d35   Thumb Code   140  stm32f10x_lcd.o(i.LCD_WriteRAM)
    LCD_WriteRAM_Prepare                     0x08002dd1   Thumb Code    18  stm32f10x_lcd.o(i.LCD_WriteRAM_Prepare)
    LCD_WriteReg                             0x08002de5   Thumb Code   162  stm32f10x_lcd.o(i.LCD_WriteReg)
    LCD_WriteRegIndex                        0x08002e99   Thumb Code    66  stm32f10x_lcd.o(i.LCD_WriteRegIndex)
    LCD_nCS_StartByte                        0x08002ee5   Thumb Code    38  stm32f10x_lcd.o(i.LCD_nCS_StartByte)
    MCDAC_Init                               0x08002f15   Thumb Code   160  stm32f10x_mcdac.o(i.MCDAC_Init)
    MCDAC_Output_Choice                      0x08002fbd   Thumb Code    60  stm32f10x_mcdac.o(i.MCDAC_Output_Choice)
    MCDAC_Output_Var_Name                    0x08002ffd   Thumb Code    26  stm32f10x_mcdac.o(i.MCDAC_Output_Var_Name)
    MCDAC_Update_Output                      0x0800301d   Thumb Code    74  stm32f10x_mcdac.o(i.MCDAC_Update_Output)
    MCDAC_Update_Value                       0x08003075   Thumb Code     8  stm32f10x_mcdac.o(i.MCDAC_Update_Value)
    MCL_Calc_BusVolt                         0x08003081   Thumb Code    26  mc_motorcontrol_layer.o(i.MCL_Calc_BusVolt)
    MCL_ChkPowerStage                        0x080030a1   Thumb Code    36  mc_motorcontrol_layer.o(i.MCL_ChkPowerStage)
    MCL_Chk_BusVolt                          0x080030c5   Thumb Code    34  mc_motorcontrol_layer.o(i.MCL_Chk_BusVolt)
    MCL_Chk_OverTemp                         0x080030ed   Thumb Code    48  mc_motorcontrol_layer.o(i.MCL_Chk_OverTemp)
    MCL_ClearFault                           0x08003125   Thumb Code   150  mc_motorcontrol_layer.o(i.MCL_ClearFault)
    MCL_Compute_BusVolt                      0x080031c5   Thumb Code    24  mc_motorcontrol_layer.o(i.MCL_Compute_BusVolt)
    MCL_Compute_Temp                         0x080031e1   Thumb Code    22  mc_motorcontrol_layer.o(i.MCL_Compute_Temp)
    MCL_Get_BusVolt                          0x080031fd   Thumb Code     8  mc_motorcontrol_layer.o(i.MCL_Get_BusVolt)
    MCL_Init                                 0x08003209   Thumb Code    74  mc_motorcontrol_layer.o(i.MCL_Init)
    MCL_Init_Arrays                          0x08003261   Thumb Code    14  mc_motorcontrol_layer.o(i.MCL_Init_Arrays)
    MCL_Reset_PID_IntegralTerms              0x08003275   Thumb Code    16  mc_motorcontrol_layer.o(i.MCL_Reset_PID_IntegralTerms)
    MCL_SetFault                             0x08003291   Thumb Code    42  mc_motorcontrol_layer.o(i.MCL_SetFault)
    MemManageException                       0x080032cd   Thumb Code     2  stm32f10x_it.o(i.MemManageException)
    NMIException                             0x080032cf   Thumb Code     2  stm32f10x_it.o(i.NMIException)
    NVIC_Configuration                       0x080032d1   Thumb Code    10  main.o(i.NVIC_Configuration)
    NVIC_Init                                0x080032dd   Thumb Code   118  stm32f10x_nvic.o(i.NVIC_Init)
    NVIC_PriorityGroupConfig                 0x08003359   Thumb Code    10  stm32f10x_nvic.o(i.NVIC_PriorityGroupConfig)
    NVIC_SetVectorTable                      0x0800336d   Thumb Code    12  stm32f10x_nvic.o(i.NVIC_SetVectorTable)
    NVIC_StructInit                          0x08003381   Thumb Code    12  stm32f10x_nvic.o(i.NVIC_StructInit)
    NVIC_SystemHandlerPriorityConfig         0x0800338d   Thumb Code    74  stm32f10x_nvic.o(i.NVIC_SystemHandlerPriorityConfig)
    PID_Init                                 0x080033dd   Thumb Code   180  mc_pid_regulators.o(i.PID_Init)
    PID_Regulator                            0x080034a5   Thumb Code   142  mc_pid_regulators.o(i.PID_Regulator)
    PVD_IRQHandler                           0x08003533   Thumb Code     2  stm32f10x_it.o(i.PVD_IRQHandler)
    Park                                     0x08003535   Thumb Code   196  mc_clarke_park.o(i.Park)
    PendSVC                                  0x08003601   Thumb Code     2  stm32f10x_it.o(i.PendSVC)
    RCC_ADCCLKConfig                         0x08003605   Thumb Code    14  stm32f10x_rcc.o(i.RCC_ADCCLKConfig)
    RCC_AHBPeriphClockCmd                    0x08003619   Thumb Code    18  stm32f10x_rcc.o(i.RCC_AHBPeriphClockCmd)
    RCC_APB1PeriphClockCmd                   0x08003631   Thumb Code    18  stm32f10x_rcc.o(i.RCC_APB1PeriphClockCmd)
    RCC_APB1PeriphResetCmd                   0x08003649   Thumb Code    18  stm32f10x_rcc.o(i.RCC_APB1PeriphResetCmd)
    RCC_APB2PeriphClockCmd                   0x08003661   Thumb Code    18  stm32f10x_rcc.o(i.RCC_APB2PeriphClockCmd)
    RCC_APB2PeriphResetCmd                   0x08003679   Thumb Code    18  stm32f10x_rcc.o(i.RCC_APB2PeriphResetCmd)
    RCC_Configuration                        0x08003691   Thumb Code    98  main.o(i.RCC_Configuration)
    RCC_DeInit                               0x080036f5   Thumb Code    48  stm32f10x_rcc.o(i.RCC_DeInit)
    RCC_GetFlagStatus                        0x08003731   Thumb Code    44  stm32f10x_rcc.o(i.RCC_GetFlagStatus)
    RCC_GetSYSCLKSource                      0x08003761   Thumb Code    10  stm32f10x_rcc.o(i.RCC_GetSYSCLKSource)
    RCC_HCLKConfig                           0x08003771   Thumb Code    14  stm32f10x_rcc.o(i.RCC_HCLKConfig)
    RCC_HSEConfig                            0x08003785   Thumb Code    48  stm32f10x_rcc.o(i.RCC_HSEConfig)
    RCC_IRQHandler                           0x080037b9   Thumb Code     2  stm32f10x_it.o(i.RCC_IRQHandler)
    RCC_PCLK1Config                          0x080037bd   Thumb Code    14  stm32f10x_rcc.o(i.RCC_PCLK1Config)
    RCC_PCLK2Config                          0x080037d1   Thumb Code    16  stm32f10x_rcc.o(i.RCC_PCLK2Config)
    RCC_PLLCmd                               0x080037e5   Thumb Code     6  stm32f10x_rcc.o(i.RCC_PLLCmd)
    RCC_PLLConfig                            0x080037f1   Thumb Code    16  stm32f10x_rcc.o(i.RCC_PLLConfig)
    RCC_SYSCLKConfig                         0x08003805   Thumb Code    14  stm32f10x_rcc.o(i.RCC_SYSCLKConfig)
    RCC_WaitForHSEStartUp                    0x08003819   Thumb Code    46  stm32f10x_rcc.o(i.RCC_WaitForHSEStartUp)
    RTCAlarm_IRQHandler                      0x0800384d   Thumb Code     2  stm32f10x_it.o(i.RTCAlarm_IRQHandler)
    RTC_IRQHandler                           0x0800384f   Thumb Code     2  stm32f10x_it.o(i.RTC_IRQHandler)
    ReadHallState                            0x08003851   Thumb Code    14  stm32f10x_hall.o(i.ReadHallState)
    RevPark_Circle_Limitation                0x08003865   Thumb Code    70  mc_clarke_park.o(i.RevPark_Circle_Limitation)
    Rev_Park                                 0x080038b9   Thumb Code    82  mc_clarke_park.o(i.Rev_Park)
    SDIO_IRQHandler                          0x08003911   Thumb Code     2  stm32f10x_it.o(i.SDIO_IRQHandler)
    SPI1_IRQHandler                          0x08003913   Thumb Code     2  stm32f10x_it.o(i.SPI1_IRQHandler)
    SPI2_IRQHandler                          0x08003915   Thumb Code     2  stm32f10x_it.o(i.SPI2_IRQHandler)
    SPI3_IRQHandler                          0x08003917   Thumb Code     2  stm32f10x_it.o(i.SPI3_IRQHandler)
    SPI_Cmd                                  0x08003919   Thumb Code    20  stm32f10x_spi.o(i.SPI_Cmd)
    SPI_I2S_DeInit                           0x0800392d   Thumb Code    72  stm32f10x_spi.o(i.SPI_I2S_DeInit)
    SPI_I2S_GetFlagStatus                    0x08003979   Thumb Code    14  stm32f10x_spi.o(i.SPI_I2S_GetFlagStatus)
    SPI_I2S_ReceiveData                      0x08003987   Thumb Code     4  stm32f10x_spi.o(i.SPI_I2S_ReceiveData)
    SPI_I2S_SendData                         0x0800398b   Thumb Code     4  stm32f10x_spi.o(i.SPI_I2S_SendData)
    SPI_Init                                 0x0800398f   Thumb Code    56  stm32f10x_spi.o(i.SPI_Init)
    SPI_StructInit                           0x080039c7   Thumb Code    24  stm32f10x_spi.o(i.SPI_StructInit)
    STO_Calc_Rotor_Angle                     0x080039e1   Thumb Code   502  mc_state_observer.o(i.STO_Calc_Rotor_Angle)
    STO_Calc_Speed                           0x08003be1   Thumb Code   136  mc_state_observer.o(i.STO_Calc_Speed)
    STO_Check_Speed_Reliability              0x08003c71   Thumb Code    38  mc_state_observer_interface.o(i.STO_Check_Speed_Reliability)
    STO_Gains_Init                           0x08003c9d   Thumb Code    56  mc_state_observer.o(i.STO_Gains_Init)
    STO_Gains_Update                         0x08003cd9   Thumb Code    20  mc_state_observer.o(i.STO_Gains_Update)
    STO_Get_Electrical_Angle                 0x08003cf1   Thumb Code     8  mc_state_observer.o(i.STO_Get_Electrical_Angle)
    STO_Get_Speed                            0x08003cfd   Thumb Code     8  mc_state_observer.o(i.STO_Get_Speed)
    STO_Get_Speed_Hz                         0x08003d09   Thumb Code    20  mc_state_observer_interface.o(i.STO_Get_Speed_Hz)
    STO_Get_wBemf_alfa_est                   0x08003d21   Thumb Code     8  mc_state_observer.o(i.STO_Get_wBemf_alfa_est)
    STO_Get_wBemf_beta_est                   0x08003d2d   Thumb Code     8  mc_state_observer.o(i.STO_Get_wBemf_beta_est)
    STO_Get_wIalfa_est                       0x08003d39   Thumb Code    16  mc_state_observer.o(i.STO_Get_wIalfa_est)
    STO_Get_wIbeta_est                       0x08003d4d   Thumb Code    16  mc_state_observer.o(i.STO_Get_wIbeta_est)
    STO_Init                                 0x08003d61   Thumb Code    38  mc_state_observer.o(i.STO_Init)
    STO_InitSpeedBuffer                      0x08003d91   Thumb Code    18  mc_state_observer.o(i.STO_InitSpeedBuffer)
    STO_IsSpeed_Reliable                     0x08003dad   Thumb Code     6  mc_state_observer.o(i.STO_IsSpeed_Reliable)
    STO_Obs_Gains_Update                     0x08003db9   Thumb Code    86  mc_state_observer_interface.o(i.STO_Obs_Gains_Update)
    STO_StartUp_Init                         0x08003e21   Thumb Code    16  mc_state_observer_interface.o(i.STO_StartUp_Init)
    STO_Start_Up                             0x08003e35   Thumb Code   334  mc_state_observer_interface.o(i.STO_Start_Up)
    STO_StateObserverInterface_Init          0x08003fc1   Thumb Code   202  mc_state_observer_interface.o(i.STO_StateObserverInterface_Init)
    SVCHandler                               0x080040a5   Thumb Code     2  stm32f10x_it.o(i.SVCHandler)
    SVPWMEOCEvent                            0x080040a9   Thumb Code    30  stm32f10x_svpwm_ics.o(i.SVPWMEOCEvent)
    SVPWM_IcsCalcDutyCycles                  0x080040d9   Thumb Code   262  stm32f10x_svpwm_ics.o(i.SVPWM_IcsCalcDutyCycles)
    SVPWM_IcsCurrentReadingCalibration       0x080041e5   Thumb Code   206  stm32f10x_svpwm_ics.o(i.SVPWM_IcsCurrentReadingCalibration)
    SVPWM_IcsGetPhaseCurrentValues           0x080042bd   Thumb Code    86  stm32f10x_svpwm_ics.o(i.SVPWM_IcsGetPhaseCurrentValues)
    SVPWM_IcsInit                            0x08004325   Thumb Code   678  stm32f10x_svpwm_ics.o(i.SVPWM_IcsInit)
    Speed_PI                                 0x080045e9   Thumb Code   138  mc_state_observer.o(i.Speed_PI)
    SysTickHandler                           0x0800467d   Thumb Code   164  stm32f10x_timebase.o(i.SysTickHandler)
    SysTick_CLKSourceConfig                  0x0800472d   Thumb Code    24  stm32f10x_systick.o(i.SysTick_CLKSourceConfig)
    SysTick_CounterCmd                       0x08004745   Thumb Code    36  stm32f10x_systick.o(i.SysTick_CounterCmd)
    SysTick_ITConfig                         0x08004769   Thumb Code    24  stm32f10x_systick.o(i.SysTick_ITConfig)
    SysTick_SetReload                        0x08004781   Thumb Code     8  stm32f10x_systick.o(i.SysTick_SetReload)
    TAMPER_IRQHandler                        0x08004789   Thumb Code     2  stm32f10x_it.o(i.TAMPER_IRQHandler)
    TB_DebounceDelay_IsElapsed               0x0800478d   Thumb Code    14  stm32f10x_timebase.o(i.TB_DebounceDelay_IsElapsed)
    TB_Delay_IsElapsed                       0x080047a1   Thumb Code    14  stm32f10x_timebase.o(i.TB_Delay_IsElapsed)
    TB_DisplayDelay_IsElapsed                0x080047b5   Thumb Code    14  stm32f10x_timebase.o(i.TB_DisplayDelay_IsElapsed)
    TB_Init                                  0x080047c9   Thumb Code    42  stm32f10x_timebase.o(i.TB_Init)
    TB_Set_DebounceDelay_500us               0x080047f9   Thumb Code     6  stm32f10x_timebase.o(i.TB_Set_DebounceDelay_500us)
    TB_Set_Delay_500us                       0x08004805   Thumb Code     6  stm32f10x_timebase.o(i.TB_Set_Delay_500us)
    TB_Set_DisplayDelay_500us                0x08004811   Thumb Code     6  stm32f10x_timebase.o(i.TB_Set_DisplayDelay_500us)
    TB_Set_StartUp_Timeout                   0x0800481d   Thumb Code    14  stm32f10x_timebase.o(i.TB_Set_StartUp_Timeout)
    TB_StartUp_Timeout_IsElapsed             0x08004831   Thumb Code    14  stm32f10x_timebase.o(i.TB_StartUp_Timeout_IsElapsed)
    TB_Wait                                  0x08004845   Thumb Code    12  stm32f10x_timebase.o(i.TB_Wait)
    TIM1_BRK_IRQHandler                      0x080048b9   Thumb Code    22  stm32f10x_it.o(i.TIM1_BRK_IRQHandler)
    TIM1_CC_IRQHandler                       0x080048d5   Thumb Code     2  stm32f10x_it.o(i.TIM1_CC_IRQHandler)
    TIM1_TRG_COM_IRQHandler                  0x080048d7   Thumb Code     2  stm32f10x_it.o(i.TIM1_TRG_COM_IRQHandler)
    TIM1_UP_IRQHandler                       0x080048d9   Thumb Code     8  stm32f10x_it.o(i.TIM1_UP_IRQHandler)
    TIM2_IRQHandler                          0x080048e5   Thumb Code   636  stm32f10x_hall.o(i.TIM2_IRQHandler)
    TIM3_IRQHandler                          0x08004b69   Thumb Code     2  stm32f10x_it.o(i.TIM3_IRQHandler)
    TIM4_IRQHandler                          0x08004b6b   Thumb Code     2  stm32f10x_it.o(i.TIM4_IRQHandler)
    TIM5_IRQHandler                          0x08004b6d   Thumb Code     2  stm32f10x_it.o(i.TIM5_IRQHandler)
    TIM6_IRQHandler                          0x08004b6f   Thumb Code     2  stm32f10x_it.o(i.TIM6_IRQHandler)
    TIM7_IRQHandler                          0x08004b71   Thumb Code     2  stm32f10x_it.o(i.TIM7_IRQHandler)
    TIM8_BRK_IRQHandler                      0x08004b73   Thumb Code     2  stm32f10x_it.o(i.TIM8_BRK_IRQHandler)
    TIM8_CC_IRQHandler                       0x08004b75   Thumb Code     2  stm32f10x_it.o(i.TIM8_CC_IRQHandler)
    TIM8_TRG_COM_IRQHandler                  0x08004b77   Thumb Code     2  stm32f10x_it.o(i.TIM8_TRG_COM_IRQHandler)
    TIM8_UP_IRQHandler                       0x08004b79   Thumb Code     2  stm32f10x_it.o(i.TIM8_UP_IRQHandler)
    TIM_BDTRConfig                           0x08004b7b   Thumb Code    34  stm32f10x_tim.o(i.TIM_BDTRConfig)
    TIM_ClearFlag                            0x08004b9d   Thumb Code     6  stm32f10x_tim.o(i.TIM_ClearFlag)
    TIM_ClearITPendingBit                    0x08004ba3   Thumb Code     6  stm32f10x_tim.o(i.TIM_ClearITPendingBit)
    TIM_Cmd                                  0x08004ba9   Thumb Code    22  stm32f10x_tim.o(i.TIM_Cmd)
    TIM_CtrlPWMOutputs                       0x08004bbf   Thumb Code    22  stm32f10x_tim.o(i.TIM_CtrlPWMOutputs)
    TIM_DeInit                               0x08004bd5   Thumb Code   170  stm32f10x_tim.o(i.TIM_DeInit)
    TIM_GetCapture1                          0x08004c89   Thumb Code     4  stm32f10x_tim.o(i.TIM_GetCapture1)
    TIM_GetFlagStatus                        0x08004c8d   Thumb Code    14  stm32f10x_tim.o(i.TIM_GetFlagStatus)
    TIM_ICInit                               0x08004c9b   Thumb Code   168  stm32f10x_tim.o(i.TIM_ICInit)
    TIM_ICStructInit                         0x08004d43   Thumb Code    16  stm32f10x_tim.o(i.TIM_ICStructInit)
    TIM_ITConfig                             0x08004d53   Thumb Code    16  stm32f10x_tim.o(i.TIM_ITConfig)
    TIM_InternalClockConfig                  0x08004d63   Thumb Code    10  stm32f10x_tim.o(i.TIM_InternalClockConfig)
    TIM_OC1Init                              0x08004d6d   Thumb Code    88  stm32f10x_tim.o(i.TIM_OC1Init)
    TIM_OC1PreloadConfig                     0x08004dcd   Thumb Code    12  stm32f10x_tim.o(i.TIM_OC1PreloadConfig)
    TIM_OC2Init                              0x08004dd9   Thumb Code   120  stm32f10x_tim.o(i.TIM_OC2Init)
    TIM_OC3Init                              0x08004e59   Thumb Code   116  stm32f10x_tim.o(i.TIM_OC3Init)
    TIM_OC4Init                              0x08004ed5   Thumb Code    90  stm32f10x_tim.o(i.TIM_OC4Init)
    TIM_OCStructInit                         0x08004f39   Thumb Code    20  stm32f10x_tim.o(i.TIM_OCStructInit)
    TIM_PrescalerConfig                      0x08004f4d   Thumb Code     6  stm32f10x_tim.o(i.TIM_PrescalerConfig)
    TIM_SelectHallSensor                     0x08004f53   Thumb Code    20  stm32f10x_tim.o(i.TIM_SelectHallSensor)
    TIM_SelectInputTrigger                   0x08004f67   Thumb Code    12  stm32f10x_tim.o(i.TIM_SelectInputTrigger)
    TIM_SelectOutputTrigger                  0x08004f73   Thumb Code    16  stm32f10x_tim.o(i.TIM_SelectOutputTrigger)
    TIM_SelectSlaveMode                      0x08004f83   Thumb Code    16  stm32f10x_tim.o(i.TIM_SelectSlaveMode)
    TIM_SetCompare3                          0x08004f93   Thumb Code     4  stm32f10x_tim.o(i.TIM_SetCompare3)
    TIM_SetCompare4                          0x08004f97   Thumb Code     6  stm32f10x_tim.o(i.TIM_SetCompare4)
    TIM_SetCounter                           0x08004f9d   Thumb Code     4  stm32f10x_tim.o(i.TIM_SetCounter)
    TIM_SetIC1Prescaler                      0x08004fa1   Thumb Code    16  stm32f10x_tim.o(i.TIM_SetIC1Prescaler)
    TIM_SetIC2Prescaler                      0x08004fb1   Thumb Code    24  stm32f10x_tim.o(i.TIM_SetIC2Prescaler)
    TIM_SetIC3Prescaler                      0x08004fc9   Thumb Code    16  stm32f10x_tim.o(i.TIM_SetIC3Prescaler)
    TIM_SetIC4Prescaler                      0x08004fd9   Thumb Code    24  stm32f10x_tim.o(i.TIM_SetIC4Prescaler)
    TIM_TimeBaseInit                         0x08004ff1   Thumb Code    50  stm32f10x_tim.o(i.TIM_TimeBaseInit)
    TIM_TimeBaseStructInit                   0x0800502d   Thumb Code    18  stm32f10x_tim.o(i.TIM_TimeBaseStructInit)
    TIM_UpdateRequestConfig                  0x0800503f   Thumb Code    22  stm32f10x_tim.o(i.TIM_UpdateRequestConfig)
    Trig_Functions                           0x08005055   Thumb Code   112  mc_clarke_park.o(i.Trig_Functions)
    UART4_IRQHandler                         0x080050c9   Thumb Code     2  stm32f10x_it.o(i.UART4_IRQHandler)
    UART5_IRQHandler                         0x080050cb   Thumb Code     2  stm32f10x_it.o(i.UART5_IRQHandler)
    USART1_IRQHandler                        0x080050cd   Thumb Code     2  stm32f10x_it.o(i.USART1_IRQHandler)
    USART2_IRQHandler                        0x080050cf   Thumb Code     2  stm32f10x_it.o(i.USART2_IRQHandler)
    USART3_IRQHandler                        0x080050d1   Thumb Code     2  stm32f10x_it.o(i.USART3_IRQHandler)
    USBWakeUp_IRQHandler                     0x080050d3   Thumb Code     2  stm32f10x_it.o(i.USBWakeUp_IRQHandler)
    USB_HP_CAN_TX_IRQHandler                 0x080050d5   Thumb Code     2  stm32f10x_it.o(i.USB_HP_CAN_TX_IRQHandler)
    USB_LP_CAN_RX0_IRQHandler                0x080050d7   Thumb Code     2  stm32f10x_it.o(i.USB_LP_CAN_RX0_IRQHandler)
    UsageFaultException                      0x080050d9   Thumb Code     2  stm32f10x_it.o(i.UsageFaultException)
    WWDG_IRQHandler                          0x080050db   Thumb Code     2  stm32f10x_it.o(i.WWDG_IRQHandler)
    __scatterload_copy                       0x080050dd   Thumb Code    14  handlers.o(i.__scatterload_copy)
    __scatterload_null                       0x080050eb   Thumb Code     2  handlers.o(i.__scatterload_null)
    __scatterload_zeroinit                   0x080050ed   Thumb Code    14  handlers.o(i.__scatterload_zeroinit)
    main                                     0x080050fd   Thumb Code   238  main.o(i.main)
    circle_limit_table                       0x0800520c   Data         140  mc_clarke_park.o(.constdata)
    hSin_Cos_Table                           0x08005298   Data         512  mc_clarke_park.o(.constdata)
    ASCII_Table                              0x08005498   Data        4560  stm32f10x_lcd.o(.constdata)
    Region$$Table$$Base                      0x08006890   Number         0  anon$$obj.o(Region$$Table)
    Region$$Table$$Limit                     0x080068b0   Number         0  anon$$obj.o(Region$$Table)
    h_ADCBusvolt                             0x2000000e   Data           2  mc_motorcontrol_layer.o(.data)
    h_ADCTemp                                0x20000010   Data           2  mc_motorcontrol_layer.o(.data)
    wGlobal_Flags                            0x20000018   Data           4  mc_globals.o(.data)
    Stat_Curr_a_b                            0x2000001c   Data           4  mc_globals.o(.data)
    Stat_Curr_alfa_beta                      0x20000020   Data           4  mc_globals.o(.data)
    Stat_Curr_q_d                            0x20000024   Data           4  mc_globals.o(.data)
    Stat_Volt_q_d                            0x20000028   Data           4  mc_globals.o(.data)
    Stat_Volt_alfa_beta                      0x2000002c   Data           4  mc_globals.o(.data)
    State                                    0x20000030   Data           1  mc_globals.o(.data)
    hFlux_Reference                          0x20000032   Data           2  mc_globals.o(.data)
    hTorque_Reference                        0x20000034   Data           2  mc_globals.o(.data)
    hSpeed_Reference                         0x20000036   Data           2  mc_globals.o(.data)
    hPLL_P_Gain                              0x2000003c   Data           2  mc_state_observer_interface.o(.data)
    hPLL_I_Gain                              0x2000003e   Data           2  mc_state_observer_interface.o(.data)
    wK1_LO                                   0x2000004c   Data           4  mc_state_observer_interface.o(.data)
    wK2_LO                                   0x20000050   Data           4  mc_state_observer_interface.o(.data)
    bSpeedFIFO_Index                         0x2000005d   Data           1  stm32f10x_hall.o(.data)
    bGP1_OVF_Counter                         0x2000005e   Data           1  stm32f10x_hall.o(.data)
    RatioDec                                 0x2000005f   Data           1  stm32f10x_hall.o(.data)
    RatioInc                                 0x20000060   Data           1  stm32f10x_hall.o(.data)
    DoRollingAverage                         0x20000061   Data           1  stm32f10x_hall.o(.data)
    InitRollingAverage                       0x20000062   Data           1  stm32f10x_hall.o(.data)
    HallTimeOut                              0x20000063   Data           1  stm32f10x_hall.o(.data)
    hCaptCounter                             0x20000068   Data           2  stm32f10x_hall.o(.data)
    bPID_Speed_Sampling_Time_500us           0x2000006e   Data           1  stm32f10x_timebase.o(.data)
    max_out_var_num                          0x2000007c   Data           1  stm32f10x_mcdac.o(.data)
    bChannel_1_variable                      0x2000007d   Data           1  stm32f10x_mcdac.o(.data)
    bChannel_2_variable                      0x2000007e   Data           1  stm32f10x_mcdac.o(.data)
    OutputVariableNames                      0x20000080   Data          92  stm32f10x_mcdac.o(.data)
    OutputVar                                0x200000dc   Data          23  stm32f10x_mcdac.o(.data)
    bMenu_index                              0x200000ff   Data           1  mc_keys.o(.data)
    PID_Flux_InitStructure                   0x2000014c   Data          32  mc_globals.o(.bss)
    PID_Torque_InitStructure                 0x2000016c   Data          32  mc_globals.o(.bss)
    PID_Speed_InitStructure                  0x2000018c   Data          32  mc_globals.o(.bss)
    SensorPeriod                             0x200001ac   Data          36  stm32f10x_hall.o(.bss)
    hMeasurementArray                        0x200001d0   Data          46  stm32f10x_mcdac.o(.bss)
    __initial_sp                             0x20000680   Data           0  stm32f10x_vector.o(STACK)



==============================================================================

Memory Map of the image

  Image Entry point : 0x08000131

  Load Region LR_IROM1 (Base: 0x08000000, Size: 0x000069fc, Max: 0x00020000, ABSOLUTE, COMPRESSED[0x00006934])

    Execution Region ER_IROM1 (Base: 0x08000000, Size: 0x000068b0, Max: 0x00020000, ABSOLUTE)

    Base Addr    Size         Type   Attr      Idx    E Section Name        Object

    0x08000000   0x00000130   Data   RO            3    RESET               stm32f10x_vector.o
    0x08000130   0x00000000   Code   RO         4110  * .ARM.Collect$$$$00000000  mc_w.l(entry.o)
    0x08000130   0x00000004   Code   RO         4127    .ARM.Collect$$$$00000001  mc_w.l(entry2.o)
    0x08000134   0x00000004   Code   RO         4130    .ARM.Collect$$$$00000004  mc_w.l(entry5.o)
    0x08000138   0x00000000   Code   RO         4132    .ARM.Collect$$$$00000008  mc_w.l(entry7b.o)
    0x08000138   0x00000000   Code   RO         4134    .ARM.Collect$$$$0000000A  mc_w.l(entry8b.o)
    0x08000138   0x00000008   Code   RO         4135    .ARM.Collect$$$$0000000B  mc_w.l(entry9a.o)
    0x08000140   0x00000000   Code   RO         4137    .ARM.Collect$$$$0000000D  mc_w.l(entry10a.o)
    0x08000140   0x00000000   Code   RO         4139    .ARM.Collect$$$$0000000F  mc_w.l(entry11a.o)
    0x08000140   0x00000004   Code   RO         4128    .ARM.Collect$$$$00002712  mc_w.l(entry2.o)
    0x08000144   0x00000008   Code   RO            4    .text               stm32f10x_vector.o
    0x0800014c   0x00000024   Code   RO         4115    .text               mc_w.l(memseta.o)
    0x08000170   0x000000e4   Code   RO         4117    .text               mf_w.l(dmul.o)
    0x08000254   0x000000de   Code   RO         4119    .text               mf_w.l(ddiv.o)
    0x08000332   0x0000002e   Code   RO         4121    .text               mf_w.l(dscalb.o)
    0x08000360   0x00000022   Code   RO         4123    .text               mf_w.l(dflti.o)
    0x08000382   0x0000003e   Code   RO         4125    .text               mf_w.l(dfixi.o)
    0x080003c0   0x00000020   Code   RO         4143    .text               mc_w.l(llushr.o)
    0x080003e0   0x00000000   Code   RO         4145    .text               mc_w.l(iusefp.o)
    0x080003e0   0x000000b6   Code   RO         4146    .text               mf_w.l(depilogue.o)
    0x08000496   0x00000002   PAD
    0x08000498   0x00000024   Code   RO         4148    .text               mc_w.l(init.o)
    0x080004bc   0x0000001e   Code   RO         4150    .text               mc_w.l(llshl.o)
    0x080004da   0x00000056   Code   RO         4160    .text               mc_w.l(__dczerorl2.o)
    0x08000530   0x00000144   Code   RO           13    i.ADC1_2_IRQHandler  stm32f10x_it.o
    0x08000674   0x00000002   Code   RO           14    i.ADC3_IRQHandler   stm32f10x_it.o
    0x08000676   0x00000006   Code   RO         1686    i.ADC_ClearFlag     stm32f10x_adc.o
    0x0800067c   0x00000014   Code   RO         1688    i.ADC_Cmd           stm32f10x_adc.o
    0x08000690   0x0000003c   Code   RO         1690    i.ADC_DeInit        stm32f10x_adc.o
    0x080006cc   0x00000014   Code   RO         1694    i.ADC_ExternalTrigInjectedConvCmd  stm32f10x_adc.o
    0x080006e0   0x0000000c   Code   RO         1695    i.ADC_ExternalTrigInjectedConvConfig  stm32f10x_adc.o
    0x080006ec   0x0000000e   Code   RO         1696    i.ADC_GetCalibrationStatus  stm32f10x_adc.o
    0x080006fa   0x0000000e   Code   RO         1699    i.ADC_GetFlagStatus  stm32f10x_adc.o
    0x08000708   0x00000008   Code   RO         1701    i.ADC_GetInjectedConversionValue  stm32f10x_adc.o
    0x08000710   0x00000012   Code   RO         1705    i.ADC_ITConfig      stm32f10x_adc.o
    0x08000722   0x00000002   PAD
    0x08000724   0x00000048   Code   RO         1706    i.ADC_Init          stm32f10x_adc.o
    0x0800076c   0x0000004a   Code   RO         1707    i.ADC_InjectedChannelConfig  stm32f10x_adc.o
    0x080007b6   0x00000010   Code   RO         1709    i.ADC_InjectedSequencerLengthConfig  stm32f10x_adc.o
    0x080007c6   0x00000014   Code   RO         1714    i.ADC_SoftwareStartInjectedConvCmd  stm32f10x_adc.o
    0x080007da   0x0000000a   Code   RO         1715    i.ADC_StartCalibration  stm32f10x_adc.o
    0x080007e4   0x00000012   Code   RO         1716    i.ADC_StructInit    stm32f10x_adc.o
    0x080007f6   0x00000002   Code   RO           15    i.BusFaultException  stm32f10x_it.o
    0x080007f8   0x00000002   Code   RO           16    i.CAN_RX1_IRQHandler  stm32f10x_it.o
    0x080007fa   0x00000002   Code   RO           17    i.CAN_SCE_IRQHandler  stm32f10x_it.o
    0x080007fc   0x00000032   Code   RO          707    i.Clarke            mc_clarke_park.o
    0x0800082e   0x00000002   PAD
    0x08000830   0x00000054   Code   RO         1379    i.ComputeVisualization  mc_display.o
    0x08000884   0x00000018   Code   RO         4052    i.DBGMCU_Config     stm32f10x_dbgmcu.o
    0x0800089c   0x00000002   Code   RO           18    i.DMA1_Channel1_IRQHandler  stm32f10x_it.o
    0x0800089e   0x00000002   Code   RO           19    i.DMA1_Channel2_IRQHandler  stm32f10x_it.o
    0x080008a0   0x00000002   Code   RO           20    i.DMA1_Channel3_IRQHandler  stm32f10x_it.o
    0x080008a2   0x00000002   Code   RO           21    i.DMA1_Channel4_IRQHandler  stm32f10x_it.o
    0x080008a4   0x00000002   Code   RO           22    i.DMA1_Channel5_IRQHandler  stm32f10x_it.o
    0x080008a6   0x00000002   Code   RO           23    i.DMA1_Channel6_IRQHandler  stm32f10x_it.o
    0x080008a8   0x00000002   Code   RO           24    i.DMA1_Channel7_IRQHandler  stm32f10x_it.o
    0x080008aa   0x00000002   Code   RO           25    i.DMA2_Channel1_IRQHandler  stm32f10x_it.o
    0x080008ac   0x00000002   Code   RO           26    i.DMA2_Channel2_IRQHandler  stm32f10x_it.o
    0x080008ae   0x00000002   Code   RO           27    i.DMA2_Channel3_IRQHandler  stm32f10x_it.o
    0x080008b0   0x00000002   Code   RO           28    i.DMA2_Channel4_5_IRQHandler  stm32f10x_it.o
    0x080008b2   0x00000002   Code   RO           29    i.DebugMonitor      stm32f10x_it.o
    0x080008b4   0x00000094   Code   RO         1380    i.Display_5DigitSignedNumber  mc_display.o
    0x08000948   0x00000da8   Code   RO         1381    i.Display_LCD       mc_display.o
    0x080016f0   0x00000068   Code   RO         1382    i.Display_Welcome_Message  mc_display.o
    0x08001758   0x00000002   Code   RO           30    i.EXTI0_IRQHandler  stm32f10x_it.o
    0x0800175a   0x00000002   Code   RO           31    i.EXTI15_10_IRQHandler  stm32f10x_it.o
    0x0800175c   0x00000002   Code   RO           32    i.EXTI1_IRQHandler  stm32f10x_it.o
    0x0800175e   0x00000002   Code   RO           33    i.EXTI2_IRQHandler  stm32f10x_it.o
    0x08001760   0x00000002   Code   RO           34    i.EXTI3_IRQHandler  stm32f10x_it.o
    0x08001762   0x00000002   Code   RO           35    i.EXTI4_IRQHandler  stm32f10x_it.o
    0x08001764   0x00000002   Code   RO           36    i.EXTI9_5_IRQHandler  stm32f10x_it.o
    0x08001766   0x00000002   Code   RO           37    i.FLASH_IRQHandler  stm32f10x_it.o
    0x08001768   0x00000018   Code   RO         2228    i.FLASH_PrefetchBufferCmd  stm32f10x_flash.o
    0x08001780   0x00000018   Code   RO         2229    i.FLASH_SetLatency  stm32f10x_flash.o
    0x08001798   0x00000048   Code   RO          757    i.FOC_CalcFluxTorqueRef  mc_foc_drive.o
    0x080017e0   0x00000014   Code   RO          758    i.FOC_Init          mc_foc_drive.o
    0x080017f4   0x00000090   Code   RO          759    i.FOC_Model         mc_foc_drive.o
    0x08001884   0x0000001c   Code   RO          760    i.FOC_TorqueCtrl    mc_foc_drive.o
    0x080018a0   0x00000002   Code   RO           38    i.FSMC_IRQHandler   stm32f10x_it.o
    0x080018a2   0x00000002   PAD
    0x080018a4   0x0000003c   Code   RO          584    i.GPIO_Configuration  main.o
    0x080018e0   0x000000a0   Code   RO         2252    i.GPIO_DeInit       stm32f10x_gpio.o
    0x08001980   0x000000a0   Code   RO         2256    i.GPIO_Init         stm32f10x_gpio.o
    0x08001a20   0x00000010   Code   RO         2257    i.GPIO_PinLockConfig  stm32f10x_gpio.o
    0x08001a30   0x00000048   Code   RO         2258    i.GPIO_PinRemapConfig  stm32f10x_gpio.o
    0x08001a78   0x00000006   Code   RO         2259    i.GPIO_ReadInputData  stm32f10x_gpio.o
    0x08001a7e   0x0000000e   Code   RO         2260    i.GPIO_ReadInputDataBit  stm32f10x_gpio.o
    0x08001a8c   0x00000010   Code   RO         2265    i.GPIO_StructInit   stm32f10x_gpio.o
    0x08001a9c   0x0000000a   Code   RO         2267    i.GPIO_WriteBit     stm32f10x_gpio.o
    0x08001aa6   0x00000002   PAD
    0x08001aa8   0x00000054   Code   RO         1054    i.GetAvrgHallPeriod  stm32f10x_hall.o
    0x08001afc   0x00000030   Code   RO         1055    i.GetLastHallPeriod  stm32f10x_hall.o
    0x08001b2c   0x0000000c   Code   RO         1059    i.HALL_GetElectricalAngle  stm32f10x_hall.o
    0x08001b38   0x00000070   Code   RO         1060    i.HALL_GetRotorFreq  stm32f10x_hall.o
    0x08001ba8   0x00000028   Code   RO         1061    i.HALL_GetSpeed     stm32f10x_hall.o
    0x08001bd0   0x000000f4   Code   RO         1062    i.HALL_HallTimerInit  stm32f10x_hall.o
    0x08001cc4   0x00000028   Code   RO         1063    i.HALL_IncElectricalAngle  stm32f10x_hall.o
    0x08001cec   0x00000090   Code   RO         1064    i.HALL_InitHallMeasure  stm32f10x_hall.o
    0x08001d7c   0x00000044   Code   RO         1065    i.HALL_Init_Electrical_Angle  stm32f10x_hall.o
    0x08001dc0   0x00000002   Code   RO           39    i.HardFaultException  stm32f10x_it.o
    0x08001dc2   0x00000002   Code   RO           40    i.I2C1_ER_IRQHandler  stm32f10x_it.o
    0x08001dc4   0x00000002   Code   RO           41    i.I2C1_EV_IRQHandler  stm32f10x_it.o
    0x08001dc6   0x00000002   Code   RO           42    i.I2C2_ER_IRQHandler  stm32f10x_it.o
    0x08001dc8   0x00000002   Code   RO           43    i.I2C2_EV_IRQHandler  stm32f10x_it.o
    0x08001dca   0x00000002   PAD
    0x08001dcc   0x00000080   Code   RO          921    i.IsObserverConverged  mc_state_observer_interface.o
    0x08001e4c   0x0000000c   Code   RO         1412    i.KEYS_ExportbKey   mc_keys.o
    0x08001e58   0x00000094   Code   RO         1413    i.KEYS_Init         mc_keys.o
    0x08001eec   0x000000e8   Code   RO         1414    i.KEYS_Read         mc_keys.o
    0x08001fd4   0x000004ec   Code   RO         1415    i.KEYS_process      mc_keys.o
    0x080024c0   0x00000054   Code   RO         1449    i.LCD_Clear         stm32f10x_lcd.o
    0x08002514   0x00000020   Code   RO         1450    i.LCD_ClearLine     stm32f10x_lcd.o
    0x08002534   0x0000004c   Code   RO         1451    i.LCD_CtrlLinesConfig  stm32f10x_lcd.o
    0x08002580   0x00000004   Code   RO         1452    i.LCD_CtrlLinesWrite  stm32f10x_lcd.o
    0x08002584   0x00000018   Code   RO         1453    i.LCD_DisplayChar   stm32f10x_lcd.o
    0x0800259c   0x0000002e   Code   RO         1456    i.LCD_DisplayStringLine  stm32f10x_lcd.o
    0x080025ca   0x00000002   PAD
    0x080025cc   0x00000078   Code   RO         1457    i.LCD_DrawChar      stm32f10x_lcd.o
    0x08002644   0x0000002c   Code   RO         1462    i.LCD_Init          stm32f10x_lcd.o
    0x08002670   0x000000c0   Code   RO         1464    i.LCD_ReadReg       stm32f10x_lcd.o
    0x08002730   0x000000b8   Code   RO         1465    i.LCD_SPIConfig     stm32f10x_lcd.o
    0x080027e8   0x00000010   Code   RO         1466    i.LCD_SetBackColor  stm32f10x_lcd.o
    0x080027f8   0x0000004c   Code   RO         1467    i.LCD_SetCursor     stm32f10x_lcd.o
    0x08002844   0x00000010   Code   RO         1469    i.LCD_SetTextColor  stm32f10x_lcd.o
    0x08002854   0x000004e0   Code   RO         1470    i.LCD_Setup         stm32f10x_lcd.o
    0x08002d34   0x0000009c   Code   RO         1472    i.LCD_WriteRAM      stm32f10x_lcd.o
    0x08002dd0   0x00000012   Code   RO         1474    i.LCD_WriteRAM_Prepare  stm32f10x_lcd.o
    0x08002de2   0x00000002   PAD
    0x08002de4   0x000000b4   Code   RO         1475    i.LCD_WriteReg      stm32f10x_lcd.o
    0x08002e98   0x0000004c   Code   RO         1476    i.LCD_WriteRegIndex  stm32f10x_lcd.o
    0x08002ee4   0x00000030   Code   RO         1477    i.LCD_nCS_StartByte  stm32f10x_lcd.o
    0x08002f14   0x000000a8   Code   RO         1233    i.MCDAC_Init        stm32f10x_mcdac.o
    0x08002fbc   0x00000040   Code   RO         1234    i.MCDAC_Output_Choice  stm32f10x_mcdac.o
    0x08002ffc   0x00000020   Code   RO         1235    i.MCDAC_Output_Var_Name  stm32f10x_mcdac.o
    0x0800301c   0x00000058   Code   RO         1236    i.MCDAC_Update_Output  stm32f10x_mcdac.o
    0x08003074   0x0000000c   Code   RO         1237    i.MCDAC_Update_Value  stm32f10x_mcdac.o
    0x08003080   0x00000020   Code   RO          789    i.MCL_Calc_BusVolt  mc_motorcontrol_layer.o
    0x080030a0   0x00000024   Code   RO          790    i.MCL_ChkPowerStage  mc_motorcontrol_layer.o
    0x080030c4   0x00000028   Code   RO          791    i.MCL_Chk_BusVolt   mc_motorcontrol_layer.o
    0x080030ec   0x00000038   Code   RO          792    i.MCL_Chk_OverTemp  mc_motorcontrol_layer.o
    0x08003124   0x000000a0   Code   RO          793    i.MCL_ClearFault    mc_motorcontrol_layer.o
    0x080031c4   0x0000001c   Code   RO          794    i.MCL_Compute_BusVolt  mc_motorcontrol_layer.o
    0x080031e0   0x0000001c   Code   RO          795    i.MCL_Compute_Temp  mc_motorcontrol_layer.o
    0x080031fc   0x0000000c   Code   RO          796    i.MCL_Get_BusVolt   mc_motorcontrol_layer.o
    0x08003208   0x00000058   Code   RO          797    i.MCL_Init          mc_motorcontrol_layer.o
    0x08003260   0x00000014   Code   RO          798    i.MCL_Init_Arrays   mc_motorcontrol_layer.o
    0x08003274   0x0000001c   Code   RO          799    i.MCL_Reset_PID_IntegralTerms  mc_motorcontrol_layer.o
    0x08003290   0x0000003c   Code   RO          800    i.MCL_SetFault      mc_motorcontrol_layer.o
    0x080032cc   0x00000002   Code   RO           44    i.MemManageException  stm32f10x_it.o
    0x080032ce   0x00000002   Code   RO           45    i.NMIException      stm32f10x_it.o
    0x080032d0   0x0000000a   Code   RO          585    i.NVIC_Configuration  main.o
    0x080032da   0x00000002   PAD
    0x080032dc   0x0000007c   Code   RO         2630    i.NVIC_Init         stm32f10x_nvic.o
    0x08003358   0x00000014   Code   RO         2631    i.NVIC_PriorityGroupConfig  stm32f10x_nvic.o
    0x0800336c   0x00000014   Code   RO         2639    i.NVIC_SetVectorTable  stm32f10x_nvic.o
    0x08003380   0x0000000c   Code   RO         2640    i.NVIC_StructInit   stm32f10x_nvic.o
    0x0800338c   0x00000050   Code   RO         2642    i.NVIC_SystemHandlerPriorityConfig  stm32f10x_nvic.o
    0x080033dc   0x000000c8   Code   RO          897    i.PID_Init          mc_pid_regulators.o
    0x080034a4   0x0000008e   Code   RO          898    i.PID_Regulator     mc_pid_regulators.o
    0x08003532   0x00000002   Code   RO           46    i.PVD_IRQHandler    stm32f10x_it.o
    0x08003534   0x000000cc   Code   RO          708    i.Park              mc_clarke_park.o
    0x08003600   0x00000002   Code   RO           47    i.PendSVC           stm32f10x_it.o
    0x08003602   0x00000002   PAD
    0x08003604   0x00000014   Code   RO         2863    i.RCC_ADCCLKConfig  stm32f10x_rcc.o
    0x08003618   0x00000018   Code   RO         2864    i.RCC_AHBPeriphClockCmd  stm32f10x_rcc.o
    0x08003630   0x00000018   Code   RO         2865    i.RCC_APB1PeriphClockCmd  stm32f10x_rcc.o
    0x08003648   0x00000018   Code   RO         2866    i.RCC_APB1PeriphResetCmd  stm32f10x_rcc.o
    0x08003660   0x00000018   Code   RO         2867    i.RCC_APB2PeriphClockCmd  stm32f10x_rcc.o
    0x08003678   0x00000018   Code   RO         2868    i.RCC_APB2PeriphResetCmd  stm32f10x_rcc.o
    0x08003690   0x00000062   Code   RO          586    i.RCC_Configuration  main.o
    0x080036f2   0x00000002   PAD
    0x080036f4   0x0000003c   Code   RO         2874    i.RCC_DeInit        stm32f10x_rcc.o
    0x08003730   0x00000030   Code   RO         2876    i.RCC_GetFlagStatus  stm32f10x_rcc.o
    0x08003760   0x00000010   Code   RO         2878    i.RCC_GetSYSCLKSource  stm32f10x_rcc.o
    0x08003770   0x00000014   Code   RO         2879    i.RCC_HCLKConfig    stm32f10x_rcc.o
    0x08003784   0x00000034   Code   RO         2880    i.RCC_HSEConfig     stm32f10x_rcc.o
    0x080037b8   0x00000002   Code   RO           48    i.RCC_IRQHandler    stm32f10x_it.o
    0x080037ba   0x00000002   PAD
    0x080037bc   0x00000014   Code   RO         2886    i.RCC_PCLK1Config   stm32f10x_rcc.o
    0x080037d0   0x00000014   Code   RO         2887    i.RCC_PCLK2Config   stm32f10x_rcc.o
    0x080037e4   0x0000000c   Code   RO         2888    i.RCC_PLLCmd        stm32f10x_rcc.o
    0x080037f0   0x00000014   Code   RO         2889    i.RCC_PLLConfig     stm32f10x_rcc.o
    0x08003804   0x00000014   Code   RO         2892    i.RCC_SYSCLKConfig  stm32f10x_rcc.o
    0x08003818   0x00000034   Code   RO         2894    i.RCC_WaitForHSEStartUp  stm32f10x_rcc.o
    0x0800384c   0x00000002   Code   RO           49    i.RTCAlarm_IRQHandler  stm32f10x_it.o
    0x0800384e   0x00000002   Code   RO           50    i.RTC_IRQHandler    stm32f10x_it.o
    0x08003850   0x00000014   Code   RO         1068    i.ReadHallState     stm32f10x_hall.o
    0x08003864   0x00000054   Code   RO          709    i.RevPark_Circle_Limitation  mc_clarke_park.o
    0x080038b8   0x00000058   Code   RO          710    i.Rev_Park          mc_clarke_park.o
    0x08003910   0x00000002   Code   RO           51    i.SDIO_IRQHandler   stm32f10x_it.o
    0x08003912   0x00000002   Code   RO           52    i.SPI1_IRQHandler   stm32f10x_it.o
    0x08003914   0x00000002   Code   RO           53    i.SPI2_IRQHandler   stm32f10x_it.o
    0x08003916   0x00000002   Code   RO           54    i.SPI3_IRQHandler   stm32f10x_it.o
    0x08003918   0x00000014   Code   RO         3161    i.SPI_Cmd           stm32f10x_spi.o
    0x0800392c   0x0000004c   Code   RO         3168    i.SPI_I2S_DeInit    stm32f10x_spi.o
    0x08003978   0x0000000e   Code   RO         3169    i.SPI_I2S_GetFlagStatus  stm32f10x_spi.o
    0x08003986   0x00000004   Code   RO         3172    i.SPI_I2S_ReceiveData  stm32f10x_spi.o
    0x0800398a   0x00000004   Code   RO         3173    i.SPI_I2S_SendData  stm32f10x_spi.o
    0x0800398e   0x00000038   Code   RO         3174    i.SPI_Init          stm32f10x_spi.o
    0x080039c6   0x00000018   Code   RO         3177    i.SPI_StructInit    stm32f10x_spi.o
    0x080039de   0x00000002   PAD
    0x080039e0   0x00000200   Code   RO         4079    i.STO_Calc_Rotor_Angle  MC_State_Observer_lib.lib(mc_state_observer.o)
    0x08003be0   0x00000090   Code   RO         4080    i.STO_Calc_Speed    MC_State_Observer_lib.lib(mc_state_observer.o)
    0x08003c70   0x0000002c   Code   RO          922    i.STO_Check_Speed_Reliability  mc_state_observer_interface.o
    0x08003c9c   0x0000003c   Code   RO         4086    i.STO_Gains_Init    MC_State_Observer_lib.lib(mc_state_observer.o)
    0x08003cd8   0x00000018   Code   RO         4087    i.STO_Gains_Update  MC_State_Observer_lib.lib(mc_state_observer.o)
    0x08003cf0   0x0000000c   Code   RO         4083    i.STO_Get_Electrical_Angle  MC_State_Observer_lib.lib(mc_state_observer.o)
    0x08003cfc   0x0000000c   Code   RO         4082    i.STO_Get_Speed     MC_State_Observer_lib.lib(mc_state_observer.o)
    0x08003d08   0x00000018   Code   RO          924    i.STO_Get_Speed_Hz  mc_state_observer_interface.o
    0x08003d20   0x0000000c   Code   RO         4090    i.STO_Get_wBemf_alfa_est  MC_State_Observer_lib.lib(mc_state_observer.o)
    0x08003d2c   0x0000000c   Code   RO         4091    i.STO_Get_wBemf_beta_est  MC_State_Observer_lib.lib(mc_state_observer.o)
    0x08003d38   0x00000014   Code   RO         4088    i.STO_Get_wIalfa_est  MC_State_Observer_lib.lib(mc_state_observer.o)
    0x08003d4c   0x00000014   Code   RO         4089    i.STO_Get_wIbeta_est  MC_State_Observer_lib.lib(mc_state_observer.o)
    0x08003d60   0x00000030   Code   RO         4085    i.STO_Init          MC_State_Observer_lib.lib(mc_state_observer.o)
    0x08003d90   0x0000001c   Code   RO         4084    i.STO_InitSpeedBuffer  MC_State_Observer_lib.lib(mc_state_observer.o)
    0x08003dac   0x0000000c   Code   RO         4081    i.STO_IsSpeed_Reliable  MC_State_Observer_lib.lib(mc_state_observer.o)
    0x08003db8   0x00000068   Code   RO          925    i.STO_Obs_Gains_Update  mc_state_observer_interface.o
    0x08003e20   0x00000014   Code   RO          926    i.STO_StartUp_Init  mc_state_observer_interface.o
    0x08003e34   0x0000018c   Code   RO          927    i.STO_Start_Up      mc_state_observer_interface.o
    0x08003fc0   0x000000e4   Code   RO          928    i.STO_StateObserverInterface_Init  mc_state_observer_interface.o
    0x080040a4   0x00000002   Code   RO           55    i.SVCHandler        stm32f10x_it.o
    0x080040a6   0x00000002   PAD
    0x080040a8   0x00000030   Code   RO         1274    i.SVPWMEOCEvent     stm32f10x_svpwm_ics.o
    0x080040d8   0x0000010c   Code   RO         1275    i.SVPWM_IcsCalcDutyCycles  stm32f10x_svpwm_ics.o
    0x080041e4   0x000000d8   Code   RO         1276    i.SVPWM_IcsCurrentReadingCalibration  stm32f10x_svpwm_ics.o
    0x080042bc   0x00000068   Code   RO         1277    i.SVPWM_IcsGetPhaseCurrentValues  stm32f10x_svpwm_ics.o
    0x08004324   0x000002c4   Code   RO         1278    i.SVPWM_IcsInit     stm32f10x_svpwm_ics.o
    0x080045e8   0x00000094   Code   RO         4077    i.Speed_PI          MC_State_Observer_lib.lib(mc_state_observer.o)
    0x0800467c   0x000000b0   Code   RO         1158    i.SysTickHandler    stm32f10x_timebase.o
    0x0800472c   0x00000018   Code   RO         3303    i.SysTick_CLKSourceConfig  stm32f10x_systick.o
    0x08004744   0x00000024   Code   RO         3304    i.SysTick_CounterCmd  stm32f10x_systick.o
    0x08004768   0x00000018   Code   RO         3307    i.SysTick_ITConfig  stm32f10x_systick.o
    0x08004780   0x00000008   Code   RO         3308    i.SysTick_SetReload  stm32f10x_systick.o
    0x08004788   0x00000002   Code   RO           56    i.TAMPER_IRQHandler  stm32f10x_it.o
    0x0800478a   0x00000002   PAD
    0x0800478c   0x00000014   Code   RO         1159    i.TB_DebounceDelay_IsElapsed  stm32f10x_timebase.o
    0x080047a0   0x00000014   Code   RO         1160    i.TB_Delay_IsElapsed  stm32f10x_timebase.o
    0x080047b4   0x00000014   Code   RO         1161    i.TB_DisplayDelay_IsElapsed  stm32f10x_timebase.o
    0x080047c8   0x00000030   Code   RO         1162    i.TB_Init           stm32f10x_timebase.o
    0x080047f8   0x0000000c   Code   RO         1163    i.TB_Set_DebounceDelay_500us  stm32f10x_timebase.o
    0x08004804   0x0000000c   Code   RO         1164    i.TB_Set_Delay_500us  stm32f10x_timebase.o
    0x08004810   0x0000000c   Code   RO         1165    i.TB_Set_DisplayDelay_500us  stm32f10x_timebase.o
    0x0800481c   0x00000014   Code   RO         1166    i.TB_Set_StartUp_Timeout  stm32f10x_timebase.o
    0x08004830   0x00000014   Code   RO         1167    i.TB_StartUp_Timeout_IsElapsed  stm32f10x_timebase.o
    0x08004844   0x00000010   Code   RO         1168    i.TB_Wait           stm32f10x_timebase.o
    0x08004854   0x0000002e   Code   RO         3345    i.TI1_Config        stm32f10x_tim.o
    0x08004882   0x00000036   Code   RO         3346    i.TI2_Config        stm32f10x_tim.o
    0x080048b8   0x0000001c   Code   RO           57    i.TIM1_BRK_IRQHandler  stm32f10x_it.o
    0x080048d4   0x00000002   Code   RO           58    i.TIM1_CC_IRQHandler  stm32f10x_it.o
    0x080048d6   0x00000002   Code   RO           59    i.TIM1_TRG_COM_IRQHandler  stm32f10x_it.o
    0x080048d8   0x0000000c   Code   RO           60    i.TIM1_UP_IRQHandler  stm32f10x_it.o
    0x080048e4   0x00000284   Code   RO         1069    i.TIM2_IRQHandler   stm32f10x_hall.o
    0x08004b68   0x00000002   Code   RO           61    i.TIM3_IRQHandler   stm32f10x_it.o
    0x08004b6a   0x00000002   Code   RO           62    i.TIM4_IRQHandler   stm32f10x_it.o
    0x08004b6c   0x00000002   Code   RO           63    i.TIM5_IRQHandler   stm32f10x_it.o
    0x08004b6e   0x00000002   Code   RO           64    i.TIM6_IRQHandler   stm32f10x_it.o
    0x08004b70   0x00000002   Code   RO           65    i.TIM7_IRQHandler   stm32f10x_it.o
    0x08004b72   0x00000002   Code   RO           66    i.TIM8_BRK_IRQHandler  stm32f10x_it.o
    0x08004b74   0x00000002   Code   RO           67    i.TIM8_CC_IRQHandler  stm32f10x_it.o
    0x08004b76   0x00000002   Code   RO           68    i.TIM8_TRG_COM_IRQHandler  stm32f10x_it.o
    0x08004b78   0x00000002   Code   RO           69    i.TIM8_UP_IRQHandler  stm32f10x_it.o
    0x08004b7a   0x00000022   Code   RO         3348    i.TIM_BDTRConfig    stm32f10x_tim.o
    0x08004b9c   0x00000006   Code   RO         3353    i.TIM_ClearFlag     stm32f10x_tim.o
    0x08004ba2   0x00000006   Code   RO         3354    i.TIM_ClearITPendingBit  stm32f10x_tim.o
    0x08004ba8   0x00000016   Code   RO         3359    i.TIM_Cmd           stm32f10x_tim.o
    0x08004bbe   0x00000016   Code   RO         3361    i.TIM_CtrlPWMOutputs  stm32f10x_tim.o
    0x08004bd4   0x000000b4   Code   RO         3364    i.TIM_DeInit        stm32f10x_tim.o
    0x08004c88   0x00000004   Code   RO         3374    i.TIM_GetCapture1   stm32f10x_tim.o
    0x08004c8c   0x0000000e   Code   RO         3379    i.TIM_GetFlagStatus  stm32f10x_tim.o
    0x08004c9a   0x000000a8   Code   RO         3382    i.TIM_ICInit        stm32f10x_tim.o
    0x08004d42   0x00000010   Code   RO         3383    i.TIM_ICStructInit  stm32f10x_tim.o
    0x08004d52   0x00000010   Code   RO         3384    i.TIM_ITConfig      stm32f10x_tim.o
    0x08004d62   0x0000000a   Code   RO         3386    i.TIM_InternalClockConfig  stm32f10x_tim.o
    0x08004d6c   0x00000060   Code   RO         3388    i.TIM_OC1Init       stm32f10x_tim.o
    0x08004dcc   0x0000000c   Code   RO         3391    i.TIM_OC1PreloadConfig  stm32f10x_tim.o
    0x08004dd8   0x00000080   Code   RO         3393    i.TIM_OC2Init       stm32f10x_tim.o
    0x08004e58   0x0000007c   Code   RO         3398    i.TIM_OC3Init       stm32f10x_tim.o
    0x08004ed4   0x00000064   Code   RO         3403    i.TIM_OC4Init       stm32f10x_tim.o
    0x08004f38   0x00000014   Code   RO         3406    i.TIM_OCStructInit  stm32f10x_tim.o
    0x08004f4c   0x00000006   Code   RO         3408    i.TIM_PrescalerConfig  stm32f10x_tim.o
    0x08004f52   0x00000014   Code   RO         3411    i.TIM_SelectHallSensor  stm32f10x_tim.o
    0x08004f66   0x0000000c   Code   RO         3412    i.TIM_SelectInputTrigger  stm32f10x_tim.o
    0x08004f72   0x00000010   Code   RO         3416    i.TIM_SelectOutputTrigger  stm32f10x_tim.o
    0x08004f82   0x00000010   Code   RO         3417    i.TIM_SelectSlaveMode  stm32f10x_tim.o
    0x08004f92   0x00000004   Code   RO         3422    i.TIM_SetCompare3   stm32f10x_tim.o
    0x08004f96   0x00000006   Code   RO         3423    i.TIM_SetCompare4   stm32f10x_tim.o
    0x08004f9c   0x00000004   Code   RO         3424    i.TIM_SetCounter    stm32f10x_tim.o
    0x08004fa0   0x00000010   Code   RO         3425    i.TIM_SetIC1Prescaler  stm32f10x_tim.o
    0x08004fb0   0x00000018   Code   RO         3426    i.TIM_SetIC2Prescaler  stm32f10x_tim.o
    0x08004fc8   0x00000010   Code   RO         3427    i.TIM_SetIC3Prescaler  stm32f10x_tim.o
    0x08004fd8   0x00000018   Code   RO         3428    i.TIM_SetIC4Prescaler  stm32f10x_tim.o
    0x08004ff0   0x0000003c   Code   RO         3430    i.TIM_TimeBaseInit  stm32f10x_tim.o
    0x0800502c   0x00000012   Code   RO         3431    i.TIM_TimeBaseStructInit  stm32f10x_tim.o
    0x0800503e   0x00000016   Code   RO         3433    i.TIM_UpdateRequestConfig  stm32f10x_tim.o
    0x08005054   0x00000074   Code   RO          711    i.Trig_Functions    mc_clarke_park.o
    0x080050c8   0x00000002   Code   RO           70    i.UART4_IRQHandler  stm32f10x_it.o
    0x080050ca   0x00000002   Code   RO           71    i.UART5_IRQHandler  stm32f10x_it.o
    0x080050cc   0x00000002   Code   RO           72    i.USART1_IRQHandler  stm32f10x_it.o
    0x080050ce   0x00000002   Code   RO           73    i.USART2_IRQHandler  stm32f10x_it.o
    0x080050d0   0x00000002   Code   RO           74    i.USART3_IRQHandler  stm32f10x_it.o
    0x080050d2   0x00000002   Code   RO           75    i.USBWakeUp_IRQHandler  stm32f10x_it.o
    0x080050d4   0x00000002   Code   RO           76    i.USB_HP_CAN_TX_IRQHandler  stm32f10x_it.o
    0x080050d6   0x00000002   Code   RO           77    i.USB_LP_CAN_RX0_IRQHandler  stm32f10x_it.o
    0x080050d8   0x00000002   Code   RO           78    i.UsageFaultException  stm32f10x_it.o
    0x080050da   0x00000002   Code   RO           79    i.WWDG_IRQHandler   stm32f10x_it.o
    0x080050dc   0x0000000e   Code   RO         4154    i.__scatterload_copy  mc_w.l(handlers.o)
    0x080050ea   0x00000002   Code   RO         4155    i.__scatterload_null  mc_w.l(handlers.o)
    0x080050ec   0x0000000e   Code   RO         4156    i.__scatterload_zeroinit  mc_w.l(handlers.o)
    0x080050fa   0x00000002   PAD
    0x080050fc   0x00000110   Code   RO          587    i.main              main.o
    0x0800520c   0x0000028c   Data   RO          712    .constdata          mc_clarke_park.o
    0x08005498   0x000011d0   Data   RO         1478    .constdata          stm32f10x_lcd.o
    0x08006668   0x00000225   Data   RO         1239    .conststring        stm32f10x_mcdac.o
    0x0800688d   0x00000003   PAD
    0x08006890   0x00000020   Data   RO         4152    Region$$Table       anon$$obj.o


    Execution Region RW_IRAM1 (Base: 0x20000000, Size: 0x00000680, Max: 0x00005000, ABSOLUTE, COMPRESSED[0x00000084])

    Base Addr    Size         Type   Attr      Idx    E Section Name        Object

    0x20000000   0x00000004   Data   RW          713    .data               mc_clarke_park.o
    0x20000004   0x00000008   Data   RW          761    .data               mc_foc_drive.o
    0x2000000c   0x0000000c   Data   RW          801    .data               mc_motorcontrol_layer.o
    0x20000018   0x00000004   Data   RW          875    .data               mc_globals.o
    0x2000001c   0x00000004   Data   RW          876    .data               mc_globals.o
    0x20000020   0x00000004   Data   RW          877    .data               mc_globals.o
    0x20000024   0x00000004   Data   RW          878    .data               mc_globals.o
    0x20000028   0x00000004   Data   RW          880    .data               mc_globals.o
    0x2000002c   0x00000004   Data   RW          881    .data               mc_globals.o
    0x20000030   0x00000001   Data   RW          882    .data               mc_globals.o
    0x20000031   0x00000001   PAD
    0x20000032   0x00000002   Data   RW          883    .data               mc_globals.o
    0x20000034   0x00000002   Data   RW          884    .data               mc_globals.o
    0x20000036   0x00000002   Data   RW          885    .data               mc_globals.o
    0x20000038   0x00000024   Data   RW          929    .data               mc_state_observer_interface.o
    0x2000005c   0x00000012   Data   RW         1071    .data               stm32f10x_hall.o
    0x2000006e   0x0000000c   Data   RW         1169    .data               stm32f10x_timebase.o
    0x2000007a   0x00000002   PAD
    0x2000007c   0x00000077   Data   RW         1240    .data               stm32f10x_mcdac.o
    0x200000f3   0x00000001   PAD
    0x200000f4   0x00000006   Data   RW         1280    .data               stm32f10x_svpwm_ics.o
    0x200000fa   0x00000002   Data   RW         1383    .data               mc_display.o
    0x200000fc   0x00000004   Data   RW         1416    .data               mc_keys.o
    0x20000100   0x00000008   Data   RW         1479    .data               stm32f10x_lcd.o
    0x20000108   0x00000008   Data   RW         2896    .data               stm32f10x_rcc.o
    0x20000110   0x0000003c   Data   RW         4092    .data               MC_State_Observer_lib.lib(mc_state_observer.o)
    0x2000014c   0x00000020   Zero   RW          872    .bss                mc_globals.o
    0x2000016c   0x00000020   Zero   RW          873    .bss                mc_globals.o
    0x2000018c   0x00000020   Zero   RW          874    .bss                mc_globals.o
    0x200001ac   0x00000024   Zero   RW         1070    .bss                stm32f10x_hall.o
    0x200001d0   0x0000002e   Zero   RW         1238    .bss                stm32f10x_mcdac.o
    0x200001fe   0x00000080   Zero   RW         4093    .bss                MC_State_Observer_lib.lib(mc_state_observer.o)
    0x2000027e   0x00000002   PAD
    0x20000280   0x00000400   Zero   RW            1    STACK               stm32f10x_vector.o


==============================================================================

Image component sizes


      Code (inc. data)   RO Data    RW Data    ZI Data      Debug   Object Name

       440         48          0          0          0      70925   main.o
       542         32        652          4          0       5956   mc_clarke_park.o
      3832       1168          0          2          0       5740   mc_display.o
       264         68          0          8          0       2984   mc_foc_drive.o
         0          0          0         31         96       1409   mc_globals.o
      1652        242          0          4          0       4243   mc_keys.o
       588         94          0         12          0       8125   mc_motorcontrol_layer.o
       342         20          0          0          0       2183   mc_pid_regulators.o
       944        126          0         36          0       6400   mc_state_observer_interface.o
       382         14          0          0          0      19543   stm32f10x_adc.o
        24          6          0          0          0        580   stm32f10x_dbgmcu.o
        48         12          0          0          0       1121   stm32f10x_flash.o
       454         14          0          0          0      12416   stm32f10x_gpio.o
      1456         86          0         18         36      10254   stm32f10x_hall.o
       492         46          0          0          0      33349   stm32f10x_it.o
      2640        158       4560          8          0      12887   stm32f10x_lcd.o
       364         36        549        119         46       4052   stm32f10x_mcdac.o
       256         30          0          0          0      11418   stm32f10x_nvic.o
       480        100          0          8          0      20223   stm32f10x_rcc.o
       198          4          0          0          0      11712   stm32f10x_spi.o
      1344         82          0          6          0       5420   stm32f10x_svpwm_ics.o
        92          0          0          0          0       2310   stm32f10x_systick.o
      1342         54          0          0          0      46333   stm32f10x_tim.o
       376         70          0         12          0       7342   stm32f10x_timebase.o
         8          4        304          0       1024        424   stm32f10x_vector.o

    ----------------------------------------------------------------------
     18588       2514       6100        272       1202     307349   Object Totals
         0          0         32          0          0          0   (incl. Generated)
        28          0          3          4          0          0   (incl. Padding)

    ----------------------------------------------------------------------

      Code (inc. data)   RO Data    RW Data    ZI Data      Debug   Library Member Name

      1064         86          0         60        128        992   mc_state_observer.o
        86          0          0          0          0          0   __dczerorl2.o
         0          0          0          0          0          0   entry.o
         0          0          0          0          0          0   entry10a.o
         0          0          0          0          0          0   entry11a.o
         8          4          0          0          0          0   entry2.o
         4          0          0          0          0          0   entry5.o
         0          0          0          0          0          0   entry7b.o
         0          0          0          0          0          0   entry8b.o
         8          4          0          0          0          0   entry9a.o
        30          0          0          0          0          0   handlers.o
        36          8          0          0          0         68   init.o
         0          0          0          0          0          0   iusefp.o
        30          0          0          0          0         68   llshl.o
        32          0          0          0          0         68   llushr.o
        36          0          0          0          0        108   memseta.o
       222          0          0          0          0        100   ddiv.o
       182          0          0          0          0        176   depilogue.o
        62          0          0          0          0         80   dfixi.o
        34          0          0          0          0         76   dflti.o
       228          0          0          0          0         96   dmul.o
        46          0          0          0          0         80   dscalb.o

    ----------------------------------------------------------------------
      2112        102          0         60        130       1912   Library Totals
         4          0          0          0          2          0   (incl. Padding)

    ----------------------------------------------------------------------

      Code (inc. data)   RO Data    RW Data    ZI Data      Debug   Library Name

      1064         86          0         60        128        992   MC_State_Observer_lib.lib
       270         16          0          0          0        312   mc_w.l
       774          0          0          0          0        608   mf_w.l

    ----------------------------------------------------------------------
      2112        102          0         60        130       1912   Library Totals

    ----------------------------------------------------------------------

==============================================================================


      Code (inc. data)   RO Data    RW Data    ZI Data      Debug   

     20700       2616       6100        332       1332     295629   Grand Totals
     20700       2616       6100        132       1332     295629   ELF Image Totals (compressed)
     20700       2616       6100        132          0          0   ROM Totals

==============================================================================

    Total RO  Size (Code + RO Data)                26800 (  26.17kB)
    Total RW  Size (RW Data + ZI Data)              1664 (   1.63kB)
    Total ROM Size (Code + RO Data + RW Data)      26932 (  26.30kB)

==============================================================================

