###############################################################################
#                                                                             #
# IAR ELF Linker V6.30.1.53127/W32 for ARM              04/Nov/2013  13:20:06 #
# Copyright 2007-2011 IAR Systems AB.                                         #
#                                                                             #
#    Output file  =  D:\st\stm32 foc firwmare libraries                       #
#                    v2.0\STM32_FOC_PMSM\EWARM\Debug\Exe\STM32_FOC_PMSM.out   #
#    Map file     =  D:\st\stm32 foc firwmare libraries                       #
#                    v2.0\STM32_FOC_PMSM\EWARM\Debug\List\STM32_FOC_PMSM.map  #
#    Command line =  "D:\st\stm32 foc firwmare libraries                      #
#                    v2.0\STM32_FOC_PMSM\EWARM\Debug\Obj\MC_Clarke_Park.o"    #
#                    "D:\st\stm32 foc firwmare libraries                      #
#                    v2.0\STM32_FOC_PMSM\EWARM\Debug\Obj\MC_Display.o"        #
#                    "D:\st\stm32 foc firwmare libraries                      #
#                    v2.0\STM32_FOC_PMSM\EWARM\Debug\Obj\MC_FOC_Drive.o"      #
#                    "D:\st\stm32 foc firwmare libraries                      #
#                    v2.0\STM32_FOC_PMSM\EWARM\Debug\Obj\MC_Globals.o"        #
#                    "D:\st\stm32 foc firwmare libraries                      #
#                    v2.0\STM32_FOC_PMSM\EWARM\Debug\Obj\MC_Keys.o"           #
#                    "D:\st\stm32 foc firwmare libraries                      #
#                    v2.0\STM32_FOC_PMSM\EWARM\Debug\Obj\MC_MotorControl_Laye #
#                    r.o" "D:\st\stm32 foc firwmare libraries                 #
#                    v2.0\STM32_FOC_PMSM\EWARM\Debug\Obj\MC_PID_regulators.o" #
#                     "D:\st\stm32 foc firwmare libraries                     #
#                    v2.0\STM32_FOC_PMSM\EWARM\Debug\Obj\MC_State_Observer_In #
#                    terface.o" "D:\st\stm32 foc firwmare libraries           #
#                    v2.0\STM32_FOC_PMSM\EWARM\Debug\Obj\cortexm3_macro.o"    #
#                    "D:\st\stm32 foc firwmare libraries                      #
#                    v2.0\STM32_FOC_PMSM\EWARM\Debug\Obj\main.o"              #
#                    "D:\st\stm32 foc firwmare libraries                      #
#                    v2.0\STM32_FOC_PMSM\EWARM\Debug\Obj\stm32f10x_MCdac.o"   #
#                    "D:\st\stm32 foc firwmare libraries                      #
#                    v2.0\STM32_FOC_PMSM\EWARM\Debug\Obj\stm32f10x_Timebase.o #
#                    " "D:\st\stm32 foc firwmare libraries                    #
#                    v2.0\STM32_FOC_PMSM\EWARM\Debug\Obj\stm32f10x_adc.o"     #
#                    "D:\st\stm32 foc firwmare libraries                      #
#                    v2.0\STM32_FOC_PMSM\EWARM\Debug\Obj\stm32f10x_bkp.o"     #
#                    "D:\st\stm32 foc firwmare libraries                      #
#                    v2.0\STM32_FOC_PMSM\EWARM\Debug\Obj\stm32f10x_can.o"     #
#                    "D:\st\stm32 foc firwmare libraries                      #
#                    v2.0\STM32_FOC_PMSM\EWARM\Debug\Obj\stm32f10x_dbgmcu.o"  #
#                    "D:\st\stm32 foc firwmare libraries                      #
#                    v2.0\STM32_FOC_PMSM\EWARM\Debug\Obj\stm32f10x_dma.o"     #
#                    "D:\st\stm32 foc firwmare libraries                      #
#                    v2.0\STM32_FOC_PMSM\EWARM\Debug\Obj\stm32f10x_encoder.o" #
#                     "D:\st\stm32 foc firwmare libraries                     #
#                    v2.0\STM32_FOC_PMSM\EWARM\Debug\Obj\stm32f10x_exti.o"    #
#                    "D:\st\stm32 foc firwmare libraries                      #
#                    v2.0\STM32_FOC_PMSM\EWARM\Debug\Obj\stm32f10x_flash.o"   #
#                    "D:\st\stm32 foc firwmare libraries                      #
#                    v2.0\STM32_FOC_PMSM\EWARM\Debug\Obj\stm32f10x_gpio.o"    #
#                    "D:\st\stm32 foc firwmare libraries                      #
#                    v2.0\STM32_FOC_PMSM\EWARM\Debug\Obj\stm32f10x_hall.o"    #
#                    "D:\st\stm32 foc firwmare libraries                      #
#                    v2.0\STM32_FOC_PMSM\EWARM\Debug\Obj\stm32f10x_i2c.o"     #
#                    "D:\st\stm32 foc firwmare libraries                      #
#                    v2.0\STM32_FOC_PMSM\EWARM\Debug\Obj\stm32f10x_it.o"      #
#                    "D:\st\stm32 foc firwmare libraries                      #
#                    v2.0\STM32_FOC_PMSM\EWARM\Debug\Obj\stm32f10x_iwdg.o"    #
#                    "D:\st\stm32 foc firwmare libraries                      #
#                    v2.0\STM32_FOC_PMSM\EWARM\Debug\Obj\stm32f10x_lcd.o"     #
#                    "D:\st\stm32 foc firwmare libraries                      #
#                    v2.0\STM32_FOC_PMSM\EWARM\Debug\Obj\stm32f10x_lib.o"     #
#                    "D:\st\stm32 foc firwmare libraries                      #
#                    v2.0\STM32_FOC_PMSM\EWARM\Debug\Obj\stm32f10x_nvic.o"    #
#                    "D:\st\stm32 foc firwmare libraries                      #
#                    v2.0\STM32_FOC_PMSM\EWARM\Debug\Obj\stm32f10x_pwr.o"     #
#                    "D:\st\stm32 foc firwmare libraries                      #
#                    v2.0\STM32_FOC_PMSM\EWARM\Debug\Obj\stm32f10x_rcc.o"     #
#                    "D:\st\stm32 foc firwmare libraries                      #
#                    v2.0\STM32_FOC_PMSM\EWARM\Debug\Obj\stm32f10x_rtc.o"     #
#                    "D:\st\stm32 foc firwmare libraries                      #
#                    v2.0\STM32_FOC_PMSM\EWARM\Debug\Obj\stm32f10x_spi.o"     #
#                    "D:\st\stm32 foc firwmare libraries                      #
#                    v2.0\STM32_FOC_PMSM\EWARM\Debug\Obj\stm32f10x_svpwm_1shu #
#                    nt.o" "D:\st\stm32 foc firwmare libraries                #
#                    v2.0\STM32_FOC_PMSM\EWARM\Debug\Obj\stm32f10x_svpwm_3shu #
#                    nt.o" "D:\st\stm32 foc firwmare libraries                #
#                    v2.0\STM32_FOC_PMSM\EWARM\Debug\Obj\stm32f10x_svpwm_ics. #
#                    o" "D:\st\stm32 foc firwmare libraries                   #
#                    v2.0\STM32_FOC_PMSM\EWARM\Debug\Obj\stm32f10x_systick.o" #
#                     "D:\st\stm32 foc firwmare libraries                     #
#                    v2.0\STM32_FOC_PMSM\EWARM\Debug\Obj\stm32f10x_tim.o"     #
#                    "D:\st\stm32 foc firwmare libraries                      #
#                    v2.0\STM32_FOC_PMSM\EWARM\Debug\Obj\stm32f10x_usart.o"   #
#                    "D:\st\stm32 foc firwmare libraries                      #
#                    v2.0\STM32_FOC_PMSM\EWARM\Debug\Obj\stm32f10x_vector.o"  #
#                    "D:\st\stm32 foc firwmare libraries                      #
#                    v2.0\STM32_FOC_PMSM\EWARM\Debug\Obj\stm32f10x_wwdg.o"    #
#                    "D:\st\stm32 foc firwmare libraries                      #
#                    v2.0\STM32_FOC_PMSM\EWARM\LIB\MC_FOC_Methods.o"          #
#                    "D:\st\stm32 foc firwmare libraries                      #
#                    v2.0\STM32_FOC_PMSM\EWARM\LIB\MC_State_Observer.o"       #
#                    --redirect _Printf=_PrintfFull --redirect                #
#                    _Scanf=_ScanfFull -o "D:\st\stm32 foc firwmare           #
#                    libraries v2.0\STM32_FOC_PMSM\EWARM\Debug\Exe\STM32_FOC_ #
#                    PMSM.out" --map "D:\st\stm32 foc firwmare libraries      #
#                    v2.0\STM32_FOC_PMSM\EWARM\Debug\List\STM32_FOC_PMSM.map" #
#                     --config "D:\st\stm32 foc firwmare libraries            #
#                    v2.0\STM32_FOC_PMSM\EWARM\STM32F10x_FLASH.icf"           #
#                    --semihosting --entry __iar_program_start --vfe          #
#                                                                             #
#                                                                             #
###############################################################################

*******************************************************************************
*** RUNTIME MODEL ATTRIBUTES
***

CppFlavor       = *
__SystemLibrary = DLib


*******************************************************************************
*** PLACEMENT SUMMARY
***

"A1":  place at 0x08000000 { ro section .intvec };
"P1":  place in [from 0x08000000 to 0x0807ffff] { ro };
"P2":  place in [from 0x20000000 to 0x2000ffff] { rw, block CSTACK, block HEAP };

  Section            Kind        Address    Size  Object
  -------            ----        -------    ----  ------
"A1":                                      0x130
  .intvec            const    0x08000000   0x130  stm32f10x_vector.o [1]
                            - 0x08000130   0x130

"P1":                                     0x7824
  .text              ro code  0x08000130  0x1cac  stm32f10x_lcd.o [1]
  .text              ro code  0x08001ddc   0x130  stm32f10x_Timebase.o [1]
  .text              ro code  0x08001f0c   0x208  stm32f10x_gpio.o [1]
  .text              ro code  0x08002114    0xe2  stm32f10x_spi.o [1]
  .text              ro code  0x080021f6    0x2e  copy_init3.o [6]
  .text              ro code  0x08002224   0x1a4  stm32f10x_rcc.o [1]
  .text              ro code  0x080023c8    0x5c  stm32f10x_systick.o [1]
  .text              ro code  0x08002424   0x114  stm32f10x_nvic.o [1]
  .text              ro code  0x08002538   0x3f4  MC_State_Observer.o [2]
  .text              ro code  0x0800292c   0x410  MC_State_Observer_Interface.o [1]
  .text              ro code  0x08002d3c   0x234  MC_MotorControl_Layer.o [1]
  .text              ro code  0x08002f70   0x39c  stm32f10x_encoder.o [1]
  .text              ro code  0x0800330c   0x160  stm32f10x_MCdac.o [1]
  .text              ro code  0x0800346c   0x25c  MC_FOC_Drive.o [1]
  .text              ro code  0x080036c8     0x6  ABImemclr4.o [6]
  .text              ro code  0x080036ce    0x22  zero_init3.o [6]
  .text              ro code  0x080036f0   0x4dc  MC_Clarke_Park.o [1]
  .text              ro code  0x08003bcc     0x6  ABImemclr.o [6]
  .text              ro code  0x08003bd4    0x2c  I32ToDbl.o [5]
  .text              ro code  0x08003c00   0x1a2  DblMul.o [5]
  .text              ro code  0x08003da4    0x4c  DblToI32.o [5]
  .text              ro code  0x08003df0   0x246  DblDiv.o [5]
  .text              ro code  0x08004038   0x8fc  stm32f10x_svpwm_3shunt.o [1]
  .text              ro code  0x08004934   0x154  MC_PID_regulators.o [1]
  .text              ro code  0x08004a88   0x4e2  stm32f10x_tim.o [1]
  .text              ro code  0x08004f6c   0xae0  MC_Keys.o [1]
  .text              ro code  0x08005a4c   0x132  I64DivMod.o [6]
  .text              ro code  0x08005b80   0x140  MC_FOC_Methods.o [2]
  .text              ro code  0x08005cc0    0x32  ABImemset48.o [6]
  .text              ro code  0x08005cf4    0x5e  ABImemset.o [6]
  .text              ro code  0x08005d54   0x1e2  stm32f10x_adc.o [1]
  .text              ro code  0x08005f38     0x2  I64DivZer.o [6]
  .text              ro code  0x08005f3c  0x11a0  MC_Display.o [1]
  .rodata            const    0x080070dc   0x228  stm32f10x_MCdac.o [1]
  .text              ro code  0x08007304   0x21a  stm32f10x_it.o [1]
  .text              ro code  0x08007520   0x1ce  main.o [1]
  .text              ro code  0x080076f0    0x18  stm32f10x_dbgmcu.o [1]
  .text              ro code  0x08007708    0x24  stm32f10x_flash.o [1]
  .text              ro code  0x0800772c    0x7a  cortexm3_macro.o [1]
  .text              ro code  0x080077a8    0x2c  data_init3.o [6]
  .iar.init_table    const    0x080077d4    0x24  - Linker created -
  .rodata            const    0x080077f8    0x18  MC_Display.o [1]
  .text              ro code  0x08007810    0x16  cmain.o [6]
  .text              ro code  0x08007826     0x4  low_level_init.o [4]
  .text              ro code  0x0800782a     0x4  exit.o [4]
  .text              ro code  0x08007830     0xa  cexit.o [6]
  .text              ro code  0x0800783c    0x14  exit.o [7]
  .text              ro code  0x08007850     0xc  cstartup_M.o [6]
  .rodata            const    0x0800785c     0x0  bwt_init3c.o [6]
  Initializer bytes  ro data  0x0800785c    0xf8  <for P2 s0>
                            - 0x08007954  0x7824

"P2", part 1 of 3:                          0xf8
  P2 s0                       0x20000000    0xf8  <Init block>
    .data            inited   0x20000000    0xa8  stm32f10x_MCdac.o [1]
    .data            inited   0x200000a8    0x1c  stm32f10x_encoder.o [1]
    .data            inited   0x200000c4    0x10  MC_FOC_Drive.o [1]
    .data            inited   0x200000d4     0xc  MC_State_Observer_Interface.o [1]
    .data            inited   0x200000e0     0xc  stm32f10x_Timebase.o [1]
    .data            inited   0x200000ec     0x8  stm32f10x_lcd.o [1]
    .data            inited   0x200000f4     0x4  MC_Globals.o [1]
                            - 0x200000f8    0xf8

"P2", part 2 of 3:                         0x1f0
  .bss               zero     0x200000f8    0xbc  MC_State_Observer.o [2]
  .bss               zero     0x200001b4    0x70  MC_FOC_Methods.o [2]
  .bss               zero     0x20000224    0x20  MC_Globals.o [1]
  .bss               zero     0x20000244    0x20  MC_Globals.o [1]
  .bss               zero     0x20000264    0x20  MC_Globals.o [1]
  .bss               zero     0x20000284    0x18  MC_State_Observer_Interface.o [1]
  .bss               zero     0x2000029c     0xc  MC_MotorControl_Layer.o [1]
  .bss               zero     0x200002a8     0xa  stm32f10x_svpwm_3shunt.o [1]
  .bss               zero     0x200002b2     0x2  MC_Display.o [1]
  .bss               zero     0x200002b4     0x8  stm32f10x_rcc.o [1]
  .bss               zero     0x200002bc     0x4  MC_Clarke_Park.o [1]
  .bss               zero     0x200002c0     0x4  MC_FOC_Drive.o [1]
  .bss               zero     0x200002c4     0x4  MC_Globals.o [1]
  .bss               zero     0x200002c8     0x4  MC_Globals.o [1]
  .bss               zero     0x200002cc     0x4  MC_Globals.o [1]
  .bss               zero     0x200002d0     0x4  MC_Globals.o [1]
  .bss               zero     0x200002d4     0x4  MC_Globals.o [1]
  .bss               zero     0x200002d8     0x4  stm32f10x_encoder.o [1]
  .bss               zero     0x200002dc     0x2  MC_Globals.o [1]
  .bss               zero     0x200002de     0x2  MC_Globals.o [1]
  .bss               zero     0x200002e0     0x2  MC_Globals.o [1]
  .bss               zero     0x200002e2     0x2  MC_Keys.o [1]
  .bss               zero     0x200002e4     0x2  MC_Keys.o [1]
  .bss               zero     0x200002e6     0x1  MC_Globals.o [1]
  .bss               zero     0x200002e7     0x1  MC_State_Observer_Interface.o [1]
                            - 0x200002e8   0x1f0

"P2", part 3 of 3:                         0x400
  CSTACK                      0x200002e8   0x400  <Block>
    CSTACK           uninit   0x200002e8   0x400  <Block tail>
                            - 0x200006e8   0x400


*******************************************************************************
*** INIT TABLE
***

          Address     Size
          -------     ----
Zero (__iar_zero_init3)
    1 destination range, total size 0x1f0:
          0x200000f8  0x1f0

Copy (__iar_copy_init3)
    1 source range, total size 0xf8:
          0x0800785c   0xf8
    1 destination range, total size 0xf8:
          0x20000000   0xf8



*******************************************************************************
*** MODULE SUMMARY
***

    Module                         ro code  ro data  rw data
    ------                         -------  -------  -------
D:\st\stm32 foc firwmare libraries v2.0\STM32_FOC_PMSM\EWARM\Debug\Obj: [1]
    MC_Clarke_Park.o                 1 244                 4
    MC_Display.o                     4 512       24        2
    MC_FOC_Drive.o                     604       16       20
    MC_Globals.o                                  4      127
    MC_Keys.o                        2 784                 4
    MC_MotorControl_Layer.o            564                12
    MC_PID_regulators.o                340
    MC_State_Observer_Interface.o    1 040       12       37
    cortexm3_macro.o                   122
    main.o                             462
    stm32f10x_MCdac.o                  352      720      168
    stm32f10x_Timebase.o               304       12       12
    stm32f10x_adc.o                    482
    stm32f10x_dbgmcu.o                  24
    stm32f10x_encoder.o                924       28       32
    stm32f10x_flash.o                   36
    stm32f10x_gpio.o                   520
    stm32f10x_it.o                     538
    stm32f10x_lcd.o                  7 340        8        8
    stm32f10x_nvic.o                   276
    stm32f10x_rcc.o                    420                 8
    stm32f10x_spi.o                    226
    stm32f10x_svpwm_3shunt.o         2 300                10
    stm32f10x_systick.o                 92
    stm32f10x_tim.o                  1 250
    stm32f10x_vector.o                          304
    --------------------------------------------------------
    Total:                          26 756    1 128      444

D:\st\stm32 foc firwmare libraries v2.0\STM32_FOC_PMSM\EWARM\LIB: [2]
    MC_FOC_Methods.o                   320               112
    MC_State_Observer.o              1 012               188
    --------------------------------------------------------
    Total:                           1 332               300

command line: [3]
    --------------------------------------------------------
    Total:

dl7M_tln.a: [4]
    exit.o                               4
    low_level_init.o                     4
    --------------------------------------------------------
    Total:                               8

m7M_tl.a: [5]
    DblDiv.o                           582
    DblMul.o                           418
    DblToI32.o                          76
    I32ToDbl.o                          44
    --------------------------------------------------------
    Total:                           1 120

rt7M_tl.a: [6]
    ABImemclr.o                          6
    ABImemclr4.o                         6
    ABImemset.o                         94
    ABImemset48.o                       50
    I64DivMod.o                        306
    I64DivZer.o                          2
    bwt_init3c.o
    cexit.o                             10
    cmain.o                             22
    copy_init3.o                        46
    cstartup_M.o                        12
    data_init3.o                        44
    zero_init3.o                        34
    --------------------------------------------------------
    Total:                             632

shb_l.a: [7]
    exit.o                              20
    --------------------------------------------------------
    Total:                              20

    Gaps                                28
    Linker created                               36    1 024
------------------------------------------------------------
    Grand Total:                    29 896    1 164    1 768


*******************************************************************************
*** ENTRY LIST
***

Entry                      Address    Size  Type      Object
-----                      -------    ----  ----      ------
?main                   0x08007811          Code  Gb  cmain.o [6]
ADC1_2_IRQHandler       0x08007339   0x13c  Code  Gb  stm32f10x_it.o [1]
ADC3_IRQHandler         0x08007505     0x2  Code  Gb  stm32f10x_it.o [1]
ADC_AnalogWatchdogCmd   0x08005ec9     0xc  Code  Gb  stm32f10x_adc.o [1]
ADC_AnalogWatchdogSingleChannelConfig
                        0x08005edb     0xc  Code  Gb  stm32f10x_adc.o [1]
ADC_AnalogWatchdogThresholdsConfig
                        0x08005ed5     0x6  Code  Gb  stm32f10x_adc.o [1]
ADC_ClearFlag           0x08005f11     0x2  Code  Gb  stm32f10x_adc.o [1]
ADC_Cmd                 0x08005df5    0x12  Code  Gb  stm32f10x_adc.o [1]
ADC_DeInit              0x08005d55    0x4a  Code  Gb  stm32f10x_adc.o [1]
ADC_ExternalTrigInjectedConvCmd
                        0x08005e3b    0x12  Code  Gb  stm32f10x_adc.o [1]
ADC_ExternalTrigInjectedConvConfig
                        0x08005e2f     0xc  Code  Gb  stm32f10x_adc.o [1]
ADC_GetCalibrationStatus
                        0x08005e23     0x6  Code  Gb  stm32f10x_adc.o [1]
ADC_GetFlagStatus       0x08005f01    0x10  Code  Gb  stm32f10x_adc.o [1]
ADC_GetITStatus         0x08005f13    0x1e  Code  Gb  stm32f10x_adc.o [1]
ADC_GetInjectedConversionValue
                        0x08005ec1     0x8  Code  Gb  stm32f10x_adc.o [1]
ADC_ITConfig            0x08005e07    0x12  Code  Gb  stm32f10x_adc.o [1]
ADC_Init                0x08005da7    0x3c  Code  Gb  stm32f10x_adc.o [1]
ADC_InjectedChannelConfig
                        0x08005e5f    0x52  Code  Gb  stm32f10x_adc.o [1]
ADC_InjectedSequencerLengthConfig
                        0x08005eb1    0x10  Code  Gb  stm32f10x_adc.o [1]
ADC_SoftwareStartInjectedConvCmd
                        0x08005e4d    0x12  Code  Gb  stm32f10x_adc.o [1]
ADC_StartCalibration    0x08005e19     0xa  Code  Gb  stm32f10x_adc.o [1]
ADC_StructInit          0x08005de3    0x12  Code  Gb  stm32f10x_adc.o [1]
ASCII_Table             0x08000c0c  0x11d0  Data  Gb  stm32f10x_lcd.o [1]
BackColor               0x200000ee     0x2  Data  Lc  stm32f10x_lcd.o [1]
BusFaultException       0x0800730b     0x2  Code  Gb  stm32f10x_it.o [1]
CAN_RX1_IRQHandler      0x08007479     0x2  Code  Gb  stm32f10x_it.o [1]
CAN_SCE_IRQHandler      0x0800747b     0x2  Code  Gb  stm32f10x_it.o [1]
CSTACK$$Base            0x200002e8           --   Gb  - Linker created -
CSTACK$$Limit           0x200006e8           --   Gb  - Linker created -
Calc_Rotor_Speed        0x0800281d    0xb0  Code  Gb  MC_State_Observer.o [2]
Clarke                  0x080036f1    0x3c  Code  Gb  MC_Clarke_Park.o [1]
ComputeVisualization    0x08006bf5    0x54  Code  Gb  MC_Display.o [1]
DBGMCU_Config           0x080076f1    0x12  Code  Gb  stm32f10x_dbgmcu.o [1]
DMA1_Channel1_IRQHandler
                        0x0800732b     0x2  Code  Gb  stm32f10x_it.o [1]
DMA1_Channel2_IRQHandler
                        0x0800732d     0x2  Code  Gb  stm32f10x_it.o [1]
DMA1_Channel3_IRQHandler
                        0x0800732f     0x2  Code  Gb  stm32f10x_it.o [1]
DMA1_Channel4_IRQHandler
                        0x08007331     0x2  Code  Gb  stm32f10x_it.o [1]
DMA1_Channel5_IRQHandler
                        0x08007333     0x2  Code  Gb  stm32f10x_it.o [1]
DMA1_Channel6_IRQHandler
                        0x08007335     0x2  Code  Gb  stm32f10x_it.o [1]
DMA1_Channel7_IRQHandler
                        0x08007337     0x2  Code  Gb  stm32f10x_it.o [1]
DMA2_Channel1_IRQHandler
                        0x08007517     0x2  Code  Gb  stm32f10x_it.o [1]
DMA2_Channel2_IRQHandler
                        0x08007519     0x2  Code  Gb  stm32f10x_it.o [1]
DMA2_Channel3_IRQHandler
                        0x0800751b     0x2  Code  Gb  stm32f10x_it.o [1]
DMA2_Channel4_5_IRQHandler
                        0x0800751d     0x2  Code  Gb  stm32f10x_it.o [1]
DebugMonitor            0x0800730f     0x2  Code  Gb  stm32f10x_it.o [1]
Display_5DigitSignedNumber
                        0x08006b65    0x90  Code  Gb  MC_Display.o [1]
Display_LCD             0x08005f61   0xbe4  Code  Gb  MC_Display.o [1]
Display_Welcome_Message
                        0x08005f3d    0x24  Code  Gb  MC_Display.o [1]
ENC_Calc_Average_Speed  0x080030f5    0xa8  Code  Gb  stm32f10x_encoder.o [1]
ENC_Calc_Rot_Speed      0x08003077    0x76  Code  Gb  stm32f10x_encoder.o [1]
ENC_Clear_Speed_Buffer  0x08003063    0x14  Code  Gb  stm32f10x_encoder.o [1]
ENC_Get_Electrical_Angle
                        0x08003049     0xe  Code  Gb  stm32f10x_encoder.o [1]
ENC_Get_Mechanical_Speed
                        0x080030ed     0x8  Code  Gb  stm32f10x_encoder.o [1]
ENC_Init                0x08002f71    0xd8  Code  Gb  stm32f10x_encoder.o [1]
ENC_Start_Up            0x0800319d   0x108  Code  Gb  stm32f10x_encoder.o [1]
EXTI0_IRQHandler        0x08007321     0x2  Code  Gb  stm32f10x_it.o [1]
EXTI15_10_IRQHandler    0x080074f7     0x2  Code  Gb  stm32f10x_it.o [1]
EXTI1_IRQHandler        0x08007323     0x2  Code  Gb  stm32f10x_it.o [1]
EXTI2_IRQHandler        0x08007325     0x2  Code  Gb  stm32f10x_it.o [1]
EXTI3_IRQHandler        0x08007327     0x2  Code  Gb  stm32f10x_it.o [1]
EXTI4_IRQHandler        0x08007329     0x2  Code  Gb  stm32f10x_it.o [1]
EXTI9_5_IRQHandler      0x0800747d     0x2  Code  Gb  stm32f10x_it.o [1]
FLASH_IRQHandler        0x0800731d     0x2  Code  Gb  stm32f10x_it.o [1]
FLASH_PrefetchBufferCmd
                        0x0800771d     0xa  Code  Gb  stm32f10x_flash.o [1]
FLASH_SetLatency        0x08007709     0xa  Code  Gb  stm32f10x_flash.o [1]
FOC_CalcFluxTorqueRef   0x08003589    0x9e  Code  Gb  MC_FOC_Drive.o [1]
FOC_FluxRegulator       0x08005b81    0xce  Code  Gb  MC_FOC_Methods.o [2]
FOC_FluxRegulatorInterface_Init
                        0x08003637    0x58  Code  Gb  MC_FOC_Drive.o [1]
FOC_FluxRegulator_Init  0x08005c51    0x5c  Code  Gb  MC_FOC_Methods.o [2]
FOC_FluxRegulator_Update
                        0x08005cad    0x10  Code  Gb  MC_FOC_Methods.o [2]
FOC_Init                0x0800346d    0x1c  Code  Gb  MC_FOC_Drive.o [1]
FOC_Model               0x08003489   0x100  Code  Gb  MC_FOC_Drive.o [1]
FOC_TorqueCtrl          0x08003627    0x10  Code  Gb  MC_FOC_Drive.o [1]
FSMC_IRQHandler         0x08007507     0x2  Code  Gb  stm32f10x_it.o [1]
GPIO_Configuration      0x08007631    0x38  Code  Gb  main.o [1]
GPIO_DeInit             0x08001f0d    0x92  Code  Gb  stm32f10x_gpio.o [1]
GPIO_Init               0x08001fa7    0xc4  Code  Gb  stm32f10x_gpio.o [1]
GPIO_PinLockConfig      0x08002095    0x10  Code  Gb  stm32f10x_gpio.o [1]
GPIO_PinRemapConfig     0x080020a5    0x50  Code  Gb  stm32f10x_gpio.o [1]
GPIO_ReadInputDataBit   0x0800207b    0x10  Code  Gb  stm32f10x_gpio.o [1]
GPIO_StructInit         0x0800206b    0x10  Code  Gb  stm32f10x_gpio.o [1]
GPIO_WriteBit           0x0800208b     0xa  Code  Gb  stm32f10x_gpio.o [1]
HSEStatus               0x200002b4     0x1  Data  Lc  stm32f10x_rcc.o [1]
HardFaultException      0x08007307     0x2  Code  Gb  stm32f10x_it.o [1]
I2C1_ER_IRQHandler      0x080074e7     0x2  Code  Gb  stm32f10x_it.o [1]
I2C1_EV_IRQHandler      0x080074e5     0x2  Code  Gb  stm32f10x_it.o [1]
I2C2_ER_IRQHandler      0x080074eb     0x2  Code  Gb  stm32f10x_it.o [1]
I2C2_EV_IRQHandler      0x080074e9     0x2  Code  Gb  stm32f10x_it.o [1]
IsObserverConverged     0x08002a2d    0x72  Code  Gb  MC_State_Observer_Interface.o [1]
Is_Speed_Reliable       0x200000fa     0x1  Data  Lc  MC_State_Observer.o [2]
KEYS_ExportbKey         0x080059e3     0x6  Code  Gb  MC_Keys.o [1]
KEYS_Init               0x08004f6d    0x9c  Code  Gb  MC_Keys.o [1]
KEYS_Read               0x08005009   0x108  Code  Gb  MC_Keys.o [1]
KEYS_process            0x08005111   0x886  Code  Gb  MC_Keys.o [1]
LCDType                 0x200000f0     0x4  Data  Lc  stm32f10x_lcd.o [1]
LCD_Clear               0x08000657    0x48  Code  Gb  stm32f10x_lcd.o [1]
LCD_ClearLine           0x08000651     0x6  Code  Gb  stm32f10x_lcd.o [1]
LCD_CtrlLinesConfig     0x08000af5    0x48  Code  Gb  stm32f10x_lcd.o [1]
LCD_DisplayChar         0x08000753    0x12  Code  Gb  stm32f10x_lcd.o [1]
LCD_DisplayStringLine   0x08000765    0x3c  Code  Gb  stm32f10x_lcd.o [1]
LCD_DrawChar            0x080006e9    0x6a  Code  Gb  stm32f10x_lcd.o [1]
LCD_DrawLine            0x080007a1    0x78  Code  Gb  stm32f10x_lcd.o [1]
LCD_DrawRect            0x08000819    0x40  Code  Gb  stm32f10x_lcd.o [1]
LCD_Init                0x08000609    0x28  Code  Gb  stm32f10x_lcd.o [1]
LCD_ReadReg             0x080008d9    0xbc  Code  Gb  stm32f10x_lcd.o [1]
LCD_SPIConfig           0x08000b3d    0xa6  Code  Gb  stm32f10x_lcd.o [1]
LCD_SetBackColor        0x08000641    0x10  Code  Gb  stm32f10x_lcd.o [1]
LCD_SetCursor           0x0800069f    0x44  Code  Gb  stm32f10x_lcd.o [1]
LCD_SetTextColor        0x08000631    0x10  Code  Gb  stm32f10x_lcd.o [1]
LCD_Setup               0x08000131   0x4d2  Code  Gb  stm32f10x_lcd.o [1]
LCD_WriteRAM            0x08000a5f    0x88  Code  Gb  stm32f10x_lcd.o [1]
LCD_WriteRAMWord        0x080009a5    0x1e  Code  Gb  stm32f10x_lcd.o [1]
LCD_WriteRAM_Prepare    0x08000995    0x10  Code  Gb  stm32f10x_lcd.o [1]
LCD_WriteReg            0x080009c3    0x9c  Code  Gb  stm32f10x_lcd.o [1]
LCD_WriteRegIndex       0x08000893    0x46  Code  Gb  stm32f10x_lcd.o [1]
LCD_nCS_StartByte       0x08000869    0x2a  Code  Gb  stm32f10x_lcd.o [1]
MCDAC_Init              0x0800330d    0xa2  Code  Gb  stm32f10x_MCdac.o [1]
MCDAC_Output_Choice     0x0800340f    0x38  Code  Gb  stm32f10x_MCdac.o [1]
MCDAC_Output_Var_Name   0x08003447    0x18  Code  Gb  stm32f10x_MCdac.o [1]
MCDAC_Update_Output     0x080033af    0x56  Code  Gb  stm32f10x_MCdac.o [1]
MCDAC_Update_Value      0x08003405     0xa  Code  Gb  stm32f10x_MCdac.o [1]
MCL_Calc_BusVolt        0x08002ec7    0x1a  Code  Gb  MC_MotorControl_Layer.o [1]
MCL_ChkPowerStage       0x08002d9f    0x26  Code  Gb  MC_MotorControl_Layer.o [1]
MCL_Chk_BusVolt         0x08002ee1    0x22  Code  Gb  MC_MotorControl_Layer.o [1]
MCL_Chk_OverTemp        0x08002e93    0x34  Code  Gb  MC_MotorControl_Layer.o [1]
MCL_ClearFault          0x08002df7    0x9c  Code  Gb  MC_MotorControl_Layer.o [1]
MCL_Compute_BusVolt     0x08002f0b    0x18  Code  Gb  MC_MotorControl_Layer.o [1]
MCL_Compute_Temp        0x08002f23    0x10  Code  Gb  MC_MotorControl_Layer.o [1]
MCL_Get_BusVolt         0x08002f03     0x8  Code  Gb  MC_MotorControl_Layer.o [1]
MCL_Init                0x08002d3d    0x54  Code  Gb  MC_MotorControl_Layer.o [1]
MCL_Init_Arrays         0x08002d91     0xe  Code  Gb  MC_MotorControl_Layer.o [1]
MCL_Reset_PID_IntegralTerms
                        0x08002f33    0x10  Code  Gb  MC_MotorControl_Layer.o [1]
MCL_SetFault            0x08002dc5    0x32  Code  Gb  MC_MotorControl_Layer.o [1]
MTPA_InitStructure      0x200001b4    0x44  Data  Lc  MC_FOC_Methods.o [2]
Max_Speed_Out           0x200000f8     0x1  Data  Lc  MC_State_Observer.o [2]
MemManageException      0x08007309     0x2  Code  Gb  stm32f10x_it.o [1]
Min_Speed_Out           0x200000f9     0x1  Data  Lc  MC_State_Observer.o [2]
NMIException            0x08007305     0x2  Code  Gb  stm32f10x_it.o [1]
NVIC_Init               0x0800242f    0x7e  Code  Gb  stm32f10x_nvic.o [1]
NVIC_PriorityGroupConfig
                        0x08002425     0xa  Code  Gb  stm32f10x_nvic.o [1]
NVIC_SetVectorTable     0x080024b9     0xc  Code  Gb  stm32f10x_nvic.o [1]
NVIC_StructInit         0x080024ad     0xc  Code  Gb  stm32f10x_nvic.o [1]
NVIC_SystemHandlerPriorityConfig
                        0x080024c5    0x52  Code  Gb  stm32f10x_nvic.o [1]
OutputVar               0x20000090    0x18  Data  Gb  stm32f10x_MCdac.o [1]
OutputVariableNames     0x20000034    0x5c  Data  Gb  stm32f10x_MCdac.o [1]
PID_Flux_InitStructure  0x20000224    0x20  Data  Gb  MC_Globals.o [1]
PID_Init                0x08004935    0xbc  Code  Gb  MC_PID_regulators.o [1]
PID_Regulator           0x08004a11    0x78  Code  Gb  MC_PID_regulators.o [1]
PID_Speed_InitStructure
                        0x20000264    0x20  Data  Gb  MC_Globals.o [1]
PID_Torque_InitStructure
                        0x20000244    0x20  Data  Gb  MC_Globals.o [1]
PI_Stat_Volt_InitStructure
                        0x200001f8    0x20  Data  Lc  MC_FOC_Methods.o [2]
PVD_IRQHandler          0x08007317     0x2  Code  Gb  stm32f10x_it.o [1]
PWM4Direction           0x200002a9     0x1  Data  Gb  stm32f10x_svpwm_3shunt.o [1]
Park                    0x0800372d    0xd6  Code  Gb  MC_Clarke_Park.o [1]
PendSVC                 0x08007313     0x2  Code  Gb  stm32f10x_it.o [1]
RCC_ADCCLKConfig        0x0800230f     0xa  Code  Gb  stm32f10x_rcc.o [1]
RCC_AHBPeriphClockCmd   0x08002319    0x12  Code  Gb  stm32f10x_rcc.o [1]
RCC_APB1PeriphClockCmd  0x0800233d    0x12  Code  Gb  stm32f10x_rcc.o [1]
RCC_APB1PeriphResetCmd  0x08002361    0x12  Code  Gb  stm32f10x_rcc.o [1]
RCC_APB2PeriphClockCmd  0x0800232b    0x12  Code  Gb  stm32f10x_rcc.o [1]
RCC_APB2PeriphResetCmd  0x0800234f    0x12  Code  Gb  stm32f10x_rcc.o [1]
RCC_Configuration       0x0800768d    0x62  Code  Gb  main.o [1]
RCC_DeInit              0x08002225    0x30  Code  Gb  stm32f10x_rcc.o [1]
RCC_GetFlagStatus       0x08002373    0x2a  Code  Gb  stm32f10x_rcc.o [1]
RCC_GetSYSCLKSource     0x080022dd     0xa  Code  Gb  stm32f10x_rcc.o [1]
RCC_HCLKConfig          0x080022e7     0xa  Code  Gb  stm32f10x_rcc.o [1]
RCC_HSEConfig           0x08002255    0x34  Code  Gb  stm32f10x_rcc.o [1]
RCC_IRQHandler          0x0800731f     0x2  Code  Gb  stm32f10x_it.o [1]
RCC_PCLK1Config         0x080022f1     0x8  Code  Gb  stm32f10x_rcc.o [1]
RCC_PCLK2Config         0x080022ff     0x8  Code  Gb  stm32f10x_rcc.o [1]
RCC_PLLCmd              0x080022c9     0x6  Code  Gb  stm32f10x_rcc.o [1]
RCC_PLLConfig           0x080022b9    0x10  Code  Gb  stm32f10x_rcc.o [1]
RCC_SYSCLKConfig        0x080022cf     0xe  Code  Gb  stm32f10x_rcc.o [1]
RCC_WaitForHSEStartUp   0x08002289    0x30  Code  Gb  stm32f10x_rcc.o [1]
RTCAlarm_IRQHandler     0x080074f9     0x2  Code  Gb  stm32f10x_it.o [1]
RTC_IRQHandler          0x0800731b     0x2  Code  Gb  stm32f10x_it.o [1]
Region$$Table$$Base     0x080077d4           --   Gb  - Linker created -
Region$$Table$$Limit    0x080077f8           --   Gb  - Linker created -
RevPark_Circle_Limitation
                        0x08003803    0x44  Code  Gb  MC_Clarke_Park.o [1]
Rev_Park                0x08003847    0x56  Code  Gb  MC_Clarke_Park.o [1]
SDIO_IRQHandler         0x08007509     0x2  Code  Gb  stm32f10x_it.o [1]
SPI1_IRQHandler         0x080074ed     0x2  Code  Gb  stm32f10x_it.o [1]
SPI2_IRQHandler         0x080074ef     0x2  Code  Gb  stm32f10x_it.o [1]
SPI3_IRQHandler         0x0800750d     0x2  Code  Gb  stm32f10x_it.o [1]
SPI_Cmd                 0x080021cd    0x14  Code  Gb  stm32f10x_spi.o [1]
SPI_I2S_DeInit          0x08002115    0x52  Code  Gb  stm32f10x_spi.o [1]
SPI_I2S_GetFlagStatus   0x080021e9     0xe  Code  Gb  stm32f10x_spi.o [1]
SPI_I2S_ReceiveData     0x080021e5     0x4  Code  Gb  stm32f10x_spi.o [1]
SPI_I2S_SendData        0x080021e1     0x4  Code  Gb  stm32f10x_spi.o [1]
SPI_Init                0x0800217d    0x38  Code  Gb  stm32f10x_spi.o [1]
SPI_StructInit          0x080021b5    0x18  Code  Gb  stm32f10x_spi.o [1]
STO_Calc_Rotor_Angle    0x08002539   0x1c4  Code  Gb  MC_State_Observer.o [2]
STO_Calc_Speed          0x080026fd    0x9e  Code  Gb  MC_State_Observer.o [2]
STO_Check_Speed_Reliability
                        0x08002a0b    0x22  Code  Gb  MC_State_Observer_Interface.o [1]
STO_Gains_Init          0x080027e1    0x3a  Code  Gb  MC_State_Observer.o [2]
STO_Gains_Update        0x080028e5    0x14  Code  Gb  MC_State_Observer.o [2]
STO_Get_Electrical_Angle
                        0x080027ad     0x8  Code  Gb  MC_State_Observer.o [2]
STO_Get_Speed           0x080027a5     0x8  Code  Gb  MC_State_Observer.o [2]
STO_Get_Speed_Hz        0x08002a9f    0x14  Code  Gb  MC_State_Observer_Interface.o [1]
STO_Get_wBemf_alfa_est  0x08002919     0x8  Code  Gb  MC_State_Observer.o [2]
STO_Get_wBemf_beta_est  0x08002921     0x8  Code  Gb  MC_State_Observer.o [2]
STO_Get_wIalfa_est      0x080028f9    0x10  Code  Gb  MC_State_Observer.o [2]
STO_Get_wIbeta_est      0x08002909    0x10  Code  Gb  MC_State_Observer.o [2]
STO_Init                0x080027b5    0x2a  Code  Gb  MC_State_Observer.o [2]
STO_InitSpeedBuffer     0x080028d1    0x14  Code  Gb  MC_State_Observer.o [2]
STO_IsSpeed_Reliable    0x0800279d     0x6  Code  Gb  MC_State_Observer.o [2]
STO_Obs_Gains_Update    0x08002c77    0x5c  Code  Gb  MC_State_Observer_Interface.o [1]
STO_StartUp_Init        0x08002c67    0x10  Code  Gb  MC_State_Observer_Interface.o [1]
STO_Start_Up            0x08002ab3   0x1b4  Code  Gb  MC_State_Observer_Interface.o [1]
STO_StateObserverInterface_Init
                        0x0800292d    0xde  Code  Gb  MC_State_Observer_Interface.o [1]
SVCHandler              0x08007311     0x2  Code  Gb  stm32f10x_it.o [1]
SVPWMEOCEvent           0x080048ad    0x36  Code  Gb  stm32f10x_svpwm_3shunt.o [1]
SVPWMUpdateEvent        0x0800489d    0x10  Code  Gb  stm32f10x_svpwm_3shunt.o [1]
SVPWM_3ShuntAdvCurrentReading
                        0x08004853    0x4a  Code  Gb  stm32f10x_svpwm_3shunt.o [1]
SVPWM_3ShuntCalcDutyCycles
                        0x08004541   0x312  Code  Gb  stm32f10x_svpwm_3shunt.o [1]
SVPWM_3ShuntCurrentReadingCalibration
                        0x0800436d    0xd0  Code  Gb  stm32f10x_svpwm_3shunt.o [1]
SVPWM_3ShuntGetPhaseCurrentValues
                        0x080044b1    0x90  Code  Gb  stm32f10x_svpwm_3shunt.o [1]
SVPWM_3ShuntInit        0x08004039   0x334  Code  Gb  stm32f10x_svpwm_3shunt.o [1]
SVPWM_InjectedConvConfig
                        0x0800443d    0x74  Code  Gb  stm32f10x_svpwm_3shunt.o [1]
StartUpCounter          0x200002b8     0x4  Data  Lc  stm32f10x_rcc.o [1]
Start_Up_State          0x20000284     0x1  Data  Lc  MC_State_Observer_Interface.o [1]
Stat_Curr_a_b           0x200002c4     0x4  Data  Gb  MC_Globals.o [1]
Stat_Curr_alfa_beta     0x200002c8     0x4  Data  Gb  MC_Globals.o [1]
Stat_Curr_q_d           0x200002cc     0x4  Data  Gb  MC_Globals.o [1]
Stat_Curr_q_d_ref       0x200002c0     0x4  Data  Lc  MC_FOC_Drive.o [1]
Stat_Curr_q_d_ref_ref   0x200000c8     0x4  Data  Lc  MC_FOC_Drive.o [1]
Stat_Volt_alfa_beta     0x200002d4     0x4  Data  Gb  MC_Globals.o [1]
Stat_Volt_q_d           0x200002d0     0x4  Data  Gb  MC_Globals.o [1]
Stat_Volt_q_d_1         0x200000c4     0x4  Data  Lc  MC_FOC_Drive.o [1]
State                   0x200002e6     0x1  Data  Gb  MC_Globals.o [1]
SysTickHandler          0x08001e4b    0xb0  Code  Gb  stm32f10x_Timebase.o [1]
SysTick_CLKSourceConfig
                        0x080023c9    0x14  Code  Gb  stm32f10x_systick.o [1]
SysTick_CounterCmd      0x080023e3    0x24  Code  Gb  stm32f10x_systick.o [1]
SysTick_ITConfig        0x08002407    0x14  Code  Gb  stm32f10x_systick.o [1]
SysTick_SetReload       0x080023dd     0x6  Code  Gb  stm32f10x_systick.o [1]
TAMPER_IRQHandler       0x08007319     0x2  Code  Gb  stm32f10x_it.o [1]
TB_DebounceDelay_IsElapsed
                        0x08001e37     0x6  Code  Gb  stm32f10x_Timebase.o [1]
TB_Delay_IsElapsed      0x08001e19     0x6  Code  Gb  stm32f10x_Timebase.o [1]
TB_DisplayDelay_IsElapsed
                        0x08001e25     0x4  Code  Gb  stm32f10x_Timebase.o [1]
TB_Init                 0x08001ddd    0x2a  Code  Gb  stm32f10x_Timebase.o [1]
TB_Set_DebounceDelay_500us
                        0x08001e31     0x6  Code  Gb  stm32f10x_Timebase.o [1]
TB_Set_Delay_500us      0x08001e13     0x6  Code  Gb  stm32f10x_Timebase.o [1]
TB_Set_DisplayDelay_500us
                        0x08001e1f     0x6  Code  Gb  stm32f10x_Timebase.o [1]
TB_Set_StartUp_Timeout  0x08001e3d     0x8  Code  Gb  stm32f10x_Timebase.o [1]
TB_StartUp_Timeout_IsElapsed
                        0x08001e45     0x6  Code  Gb  stm32f10x_Timebase.o [1]
TB_Wait                 0x08001e07     0xc  Code  Gb  stm32f10x_Timebase.o [1]
TIM1_BRK_IRQHandler     0x0800747f    0x1a  Code  Gb  stm32f10x_it.o [1]
TIM1_CC_IRQHandler      0x080074df     0x2  Code  Gb  stm32f10x_it.o [1]
TIM1_TRG_COM_IRQHandler
                        0x080074dd     0x2  Code  Gb  stm32f10x_it.o [1]
TIM1_UP_IRQHandler      0x08007499    0x16  Code  Gb  stm32f10x_it.o [1]
TIM2_IRQHandler         0x080032a5    0x20  Code  Gb  stm32f10x_encoder.o [1]
TIM3_IRQHandler         0x080074e1     0x2  Code  Gb  stm32f10x_it.o [1]
TIM4_IRQHandler         0x080074e3     0x2  Code  Gb  stm32f10x_it.o [1]
TIM5_IRQHandler         0x0800750b     0x2  Code  Gb  stm32f10x_it.o [1]
TIM6_IRQHandler         0x08007513     0x2  Code  Gb  stm32f10x_it.o [1]
TIM7_IRQHandler         0x08007515     0x2  Code  Gb  stm32f10x_it.o [1]
TIM8_BRK_IRQHandler     0x080074fd     0x2  Code  Gb  stm32f10x_it.o [1]
TIM8_CC_IRQHandler      0x08007503     0x2  Code  Gb  stm32f10x_it.o [1]
TIM8_TRG_COM_IRQHandler
                        0x08007501     0x2  Code  Gb  stm32f10x_it.o [1]
TIM8_UP_IRQHandler      0x080074ff     0x2  Code  Gb  stm32f10x_it.o [1]
TIM_BDTRConfig          0x08004e09    0x1c  Code  Gb  stm32f10x_tim.o [1]
TIM_ClearFlag           0x08004f61     0x2  Code  Gb  stm32f10x_tim.o [1]
TIM_ClearITPendingBit   0x08004f63     0x2  Code  Gb  stm32f10x_tim.o [1]
TIM_Cmd                 0x08004e5d    0x14  Code  Gb  stm32f10x_tim.o [1]
TIM_CtrlPWMOutputs      0x08004e71    0x10  Code  Gb  stm32f10x_tim.o [1]
TIM_DeInit              0x08004a89    0xac  Code  Gb  stm32f10x_tim.o [1]
TIM_EncoderInterfaceConfig
                        0x08004e9b    0x32  Code  Gb  stm32f10x_tim.o [1]
TIM_GenerateEvent       0x08004e97     0x4  Code  Gb  stm32f10x_tim.o [1]
TIM_GetCounter          0x08004f5d     0x4  Code  Gb  stm32f10x_tim.o [1]
TIM_ICInit              0x08004d2b    0xde  Code  Gb  stm32f10x_tim.o [1]
TIM_ICStructInit        0x08004e4b    0x12  Code  Gb  stm32f10x_tim.o [1]
TIM_ITConfig            0x08004e87    0x10  Code  Gb  stm32f10x_tim.o [1]
TIM_OC1Init             0x08004b79    0x66  Code  Gb  stm32f10x_tim.o [1]
TIM_OC1PreloadConfig    0x08004ecd     0x6  Code  Gb  stm32f10x_tim.o [1]
TIM_OC2Init             0x08004bdf    0x6c  Code  Gb  stm32f10x_tim.o [1]
TIM_OC2PreloadConfig    0x08004edb     0x6  Code  Gb  stm32f10x_tim.o [1]
TIM_OC3Init             0x08004c4b    0x66  Code  Gb  stm32f10x_tim.o [1]
TIM_OC3PreloadConfig    0x08004eeb     0x6  Code  Gb  stm32f10x_tim.o [1]
TIM_OC4Init             0x08004ccd    0x54  Code  Gb  stm32f10x_tim.o [1]
TIM_OC4PreloadConfig    0x08004ef9     0x6  Code  Gb  stm32f10x_tim.o [1]
TIM_OCStructInit        0x08004e37    0x14  Code  Gb  stm32f10x_tim.o [1]
TIM_SelectOutputTrigger
                        0x08004f09    0x12  Code  Gb  stm32f10x_tim.o [1]
TIM_SetCompare3         0x08004f1b     0x4  Code  Gb  stm32f10x_tim.o [1]
TIM_SetCompare4         0x08004f1f     0x6  Code  Gb  stm32f10x_tim.o [1]
TIM_SetIC1Prescaler     0x08004f25     0xe  Code  Gb  stm32f10x_tim.o [1]
TIM_SetIC2Prescaler     0x08004f33     0xe  Code  Gb  stm32f10x_tim.o [1]
TIM_SetIC3Prescaler     0x08004f41     0xe  Code  Gb  stm32f10x_tim.o [1]
TIM_SetIC4Prescaler     0x08004f4f     0xe  Code  Gb  stm32f10x_tim.o [1]
TIM_TimeBaseInit        0x08004b45    0x34  Code  Gb  stm32f10x_tim.o [1]
TIM_TimeBaseStructInit  0x08004e25    0x12  Code  Gb  stm32f10x_tim.o [1]
TextColor               0x200000ec     0x2  Data  Lc  stm32f10x_lcd.o [1]
Trig_Functions          0x080038a9    0x98  Code  Gb  MC_Clarke_Park.o [1]
UART4_IRQHandler        0x0800750f     0x2  Code  Gb  stm32f10x_it.o [1]
UART5_IRQHandler        0x08007511     0x2  Code  Gb  stm32f10x_it.o [1]
USART1_IRQHandler       0x080074f1     0x2  Code  Gb  stm32f10x_it.o [1]
USART2_IRQHandler       0x080074f3     0x2  Code  Gb  stm32f10x_it.o [1]
USART3_IRQHandler       0x080074f5     0x2  Code  Gb  stm32f10x_it.o [1]
USBWakeUp_IRQHandler    0x080074fb     0x2  Code  Gb  stm32f10x_it.o [1]
USB_HP_CAN_TX_IRQHandler
                        0x08007475     0x2  Code  Gb  stm32f10x_it.o [1]
USB_LP_CAN_RX0_IRQHandler
                        0x08007477     0x2  Code  Gb  stm32f10x_it.o [1]
UsageFaultException     0x0800730d     0x2  Code  Gb  stm32f10x_it.o [1]
Vector_Components       0x200002bc     0x4  Data  Lc  MC_Clarke_Park.o [1]
WWDG_IRQHandler         0x08007315     0x2  Code  Gb  stm32f10x_it.o [1]
__BASEPRICONFIG         0x08007793          Code  Gb  cortexm3_macro.o [1]
__DMB                   0x08007745          Code  Gb  cortexm3_macro.o [1]
__DSB                   0x0800773f          Code  Gb  cortexm3_macro.o [1]
__GetBASEPRI            0x08007799          Code  Gb  cortexm3_macro.o [1]
__ISB                   0x08007739          Code  Gb  cortexm3_macro.o [1]
__MRS_CONTROL           0x0800774f          Code  Gb  cortexm3_macro.o [1]
__MRS_MSP               0x0800776b          Code  Gb  cortexm3_macro.o [1]
__MRS_PSP               0x0800775f          Code  Gb  cortexm3_macro.o [1]
__MSR_CONTROL           0x08007755          Code  Gb  cortexm3_macro.o [1]
__MSR_MSP               0x08007771          Code  Gb  cortexm3_macro.o [1]
__MSR_PSP               0x08007765          Code  Gb  cortexm3_macro.o [1]
__READ_FAULTMASK        0x0800778d          Code  Gb  cortexm3_macro.o [1]
__READ_PRIMASK          0x0800777f          Code  Gb  cortexm3_macro.o [1]
__RESETFAULTMASK        0x08007785          Code  Gb  cortexm3_macro.o [1]
__RESETPRIMASK          0x08007777          Code  Gb  cortexm3_macro.o [1]
__REV_HalfWord          0x0800779f          Code  Gb  cortexm3_macro.o [1]
__REV_Word              0x080077a3          Code  Gb  cortexm3_macro.o [1]
__SETFAULTMASK          0x08007789          Code  Gb  cortexm3_macro.o [1]
__SETPRIMASK            0x0800777b          Code  Gb  cortexm3_macro.o [1]
__SEV                   0x08007735          Code  Gb  cortexm3_macro.o [1]
__SVC                   0x0800774b          Code  Gb  cortexm3_macro.o [1]
__WFE                   0x08007731          Code  Gb  cortexm3_macro.o [1]
__WFI                   0x0800772d          Code  Gb  cortexm3_macro.o [1]
__aeabi_d2iz            0x08003da5          Code  Gb  DblToI32.o [5]
__aeabi_ddiv            0x08003df1          Code  Gb  DblDiv.o [5]
__aeabi_dmul            0x08003c01          Code  Gb  DblMul.o [5]
__aeabi_i2d             0x08003bd5          Code  Gb  I32ToDbl.o [5]
__aeabi_ldiv0           0x08005f39          Code  Gb  I64DivZer.o [6]
__aeabi_ldivmod         0x08005a4d          Code  Gb  I64DivMod.o [6]
__aeabi_memclr          0x08003bcd          Code  Gb  ABImemclr.o [6]
__aeabi_memclr4         0x080036c9          Code  Gb  ABImemclr4.o [6]
__aeabi_uldivmod        0x08005a91          Code  Gb  I64DivMod.o [6]
__cmain                 0x08007811          Code  Gb  cmain.o [6]
__exit                  0x0800783d    0x14  Code  Gb  exit.o [7]
__iar_Memset4_word      0x08005cc1          Code  Gb  ABImemset48.o [6]
__iar_Memset8_word      0x08005cc1          Code  Gb  ABImemset48.o [6]
__iar_Memset_word       0x08005cf5          Code  Gb  ABImemset.o [6]
__iar_SB                0x0800785c          Data  Gb  bwt_init3c.o [6]
__iar_copy_init3        0x080021f7    0x2e  Code  Gb  copy_init3.o [6]
__iar_d2uiz             0x08003dd1          Code  Gb  DblToI32.o [5]
__iar_data_init3        0x080077a9    0x2c  Code  Gb  data_init3.o [6]
__iar_program_start     0x08007851          Code  Gb  cstartup_M.o [6]
__iar_ui2d              0x08003be9          Code  Gb  I32ToDbl.o [5]
__iar_zero_init3        0x080036cf    0x22  Code  Gb  zero_init3.o [6]
__low_level_init        0x08007827     0x4  Code  Gb  low_level_init.o [4]
__vector_table          0x08000000   0x130  Data  Gb  stm32f10x_vector.o [1]
_call_main              0x0800781d          Code  Gb  cmain.o [6]
_exit                   0x08007831          Code  Gb  cexit.o [6]
_main                   0x08007823          Code  Gb  cmain.o [6]
bChannel_1_variable     0x20000001     0x1  Data  Gb  stm32f10x_MCdac.o [1]
bChannel_2_variable     0x20000002     0x1  Data  Gb  stm32f10x_MCdac.o [1]
bConvCounter            0x20000286     0x2  Data  Lc  MC_State_Observer_Interface.o [1]
bError_Speed_Measurement
                        0x200000aa     0x1  Data  Lc  stm32f10x_encoder.o [1]
bIs_First_Measurement   0x200000a9     0x1  Data  Lc  stm32f10x_encoder.o [1]
bKey                    0x200002e2     0x1  Data  Lc  MC_Keys.o [1]
bKey_Flag               0x200002e5     0x1  Data  Lc  MC_Keys.o [1]
bMenu_index             0x200002e3     0x1  Data  Gb  MC_Keys.o [1]
bPID_Speed_Sampling_Time_500us
                        0x200000e0     0x1  Data  Gb  stm32f10x_Timebase.o [1]
bPresent_Visualization  0x200002b3     0x1  Data  Lc  MC_Display.o [1]
bPrevious_Visualization
                        0x200002b2     0x1  Data  Lc  MC_Display.o [1]
bPrevious_key           0x200002e4     0x1  Data  Lc  MC_Keys.o [1]
bSector                 0x200002a8     0x1  Data  Gb  stm32f10x_svpwm_3shunt.o [1]
bSpeed_Buffer_Index     0x200000a8     0x1  Data  Lc  stm32f10x_encoder.o [1]
bSpeed_Buffer_Index     0x200000fb     0x1  Data  Lc  MC_State_Observer.o [2]
circle_limit_table      0x08003940    0x8c  Data  Gb  MC_Clarke_Park.o [1]
exit                    0x0800782b     0x4  Code  Gb  exit.o [4]
hAngle                  0x20000288     0x2  Data  Lc  MC_State_Observer_Interface.o [1]
hBemf_alfa_est          0x200000fc     0x2  Data  Lc  MC_State_Observer.o [2]
hBemf_beta_est          0x200000fe     0x2  Data  Lc  MC_State_Observer.o [2]
hC1                     0x2000010e     0x2  Data  Lc  MC_State_Observer.o [2]
hC2                     0x20000104     0x2  Data  Lc  MC_State_Observer.o [2]
hC3                     0x20000110     0x2  Data  Lc  MC_State_Observer.o [2]
hC4                     0x20000106     0x2  Data  Lc  MC_State_Observer.o [2]
hC5                     0x20000112     0x2  Data  Lc  MC_State_Observer.o [2]
hC6                     0x20000114     0x2  Data  Lc  MC_State_Observer.o [2]
hEncoder_Timer_Overflow
                        0x200000b0     0x2  Data  Lc  stm32f10x_encoder.o [1]
hF1                     0x20000108     0x2  Data  Lc  MC_State_Observer.o [2]
hF2                     0x2000010a     0x2  Data  Lc  MC_State_Observer.o [2]
hF3                     0x2000010c     0x2  Data  Lc  MC_State_Observer.o [2]
hFW_I_Gain              0x200000d0     0x2  Data  Gb  MC_FOC_Drive.o [1]
hFW_P_Gain              0x200000ce     0x2  Data  Gb  MC_FOC_Drive.o [1]
hFW_V_Ref               0x200000cc     0x2  Data  Gb  MC_FOC_Drive.o [1]
hFlux_Reference         0x200002dc     0x2  Data  Gb  MC_Globals.o [1]
hFreq_Inc               0x2000028a     0x2  Data  Lc  MC_State_Observer_Interface.o [1]
hI_Inc                  0x20000298     0x4  Data  Lc  MC_State_Observer_Interface.o [1]
hIdDemag                0x20000218     0x2  Data  Lc  MC_FOC_Methods.o [2]
hIdRefOld               0x2000021a     0x2  Data  Lc  MC_FOC_Methods.o [2]
hKey_debounce_500us     0x200000e8     0x2  Data  Lc  stm32f10x_Timebase.o [1]
hMeasurementArray       0x20000004    0x30  Data  Gb  stm32f10x_MCdac.o [1]
hPLL_I_Gain             0x200000d6     0x2  Data  Gb  MC_State_Observer_Interface.o [1]
hPLL_P_Gain             0x200000d4     0x2  Data  Gb  MC_State_Observer_Interface.o [1]
hPercentageFactor       0x2000011a     0x2  Data  Lc  MC_State_Observer.o [2]
hPhaseAOffset           0x200002aa     0x2  Data  Gb  stm32f10x_svpwm_3shunt.o [1]
hPhaseBOffset           0x200002ac     0x2  Data  Gb  stm32f10x_svpwm_3shunt.o [1]
hPhaseCOffset           0x200002ae     0x2  Data  Gb  stm32f10x_svpwm_3shunt.o [1]
hPrevious_angle         0x200000ac     0x2  Data  Lc  stm32f10x_encoder.o [1]
hRot_Speed              0x200000ae     0x2  Data  Lc  stm32f10x_encoder.o [1]
hRotor_El_Angle         0x20000100     0x2  Data  Lc  MC_State_Observer.o [2]
hRotor_Speed_dpp        0x20000102     0x2  Data  Lc  MC_State_Observer.o [2]
hSin_Cos_Table          0x080039cc   0x200  Data  Gb  MC_Clarke_Park.o [1]
hSpeedMeas_Timebase_500us
                        0x200000ea     0x2  Data  Lc  stm32f10x_Timebase.o [1]
hSpeed_Buffer           0x200000b4    0x10  Data  Lc  stm32f10x_encoder.o [1]
hSpeed_Buffer           0x20000130    0x80  Data  Lc  MC_State_Observer.o [2]
hSpeed_I_Gain           0x20000118     0x2  Data  Lc  MC_State_Observer.o [2]
hSpeed_P_Gain           0x20000116     0x2  Data  Lc  MC_State_Observer.o [2]
hSpeed_Reference        0x200002e0     0x2  Data  Gb  MC_Globals.o [1]
hStart_Up_TimeLeft_500us
                        0x200000e2     0x2  Data  Lc  stm32f10x_Timebase.o [1]
hTimebase_500us         0x200000e4     0x2  Data  Lc  stm32f10x_Timebase.o [1]
hTimebase_display_500us
                        0x200000e6     0x2  Data  Lc  stm32f10x_Timebase.o [1]
hTorque_Reference       0x200002de     0x2  Data  Gb  MC_Globals.o [1]
hVMagn                  0x200000d2     0x2  Data  Gb  MC_FOC_Drive.o [1]
h_ADCBusvolt            0x2000029e     0x2  Data  Gb  MC_MotorControl_Layer.o [1]
h_ADCTemp               0x200002a0     0x2  Data  Gb  MC_MotorControl_Layer.o [1]
h_BusV_Average          0x2000029c     0x2  Data  Lc  MC_MotorControl_Layer.o [1]
main                    0x08007521   0x110  Code  Gb  main.o [1]
max_out_var_num         0x20000000     0x1  Data  Gb  stm32f10x_MCdac.o [1]
wBemf_alfa_est          0x20000124     0x4  Data  Lc  MC_State_Observer.o [2]
wBemf_beta_est          0x20000128     0x4  Data  Lc  MC_State_Observer.o [2]
wGlobal_Flags           0x200000f4     0x4  Data  Gb  MC_Globals.o [1]
wIalfa_est              0x2000011c     0x4  Data  Lc  MC_State_Observer.o [2]
wIbeta_est              0x20000120     0x4  Data  Lc  MC_State_Observer.o [2]
wK1_LO                  0x200000d8     0x4  Data  Gb  MC_State_Observer_Interface.o [1]
wK2_LO                  0x200000dc     0x4  Data  Gb  MC_State_Observer_Interface.o [1]
wMotorMaxSpeed_dpp      0x200001b0     0x4  Data  Lc  MC_State_Observer.o [2]
wNominalCurrent         0x2000021c     0x4  Data  Lc  MC_FOC_Methods.o [2]
wSpeed_PI_integral_sum  0x2000012c     0x4  Data  Lc  MC_State_Observer.o [2]
wStart_Up_Freq          0x20000290     0x4  Data  Lc  MC_State_Observer_Interface.o [1]
wStart_Up_I             0x20000294     0x4  Data  Lc  MC_State_Observer_Interface.o [1]
wTime                   0x2000028c     0x4  Data  Lc  MC_State_Observer_Interface.o [1]
wVMagn                  0x20000220     0x4  Data  Lc  MC_FOC_Methods.o [2]
w_Temp_Average          0x200002a4     0x4  Data  Lc  MC_MotorControl_Layer.o [1]


[1] = D:\st\stm32 foc firwmare libraries v2.0\STM32_FOC_PMSM\EWARM\Debug\Obj
[2] = D:\st\stm32 foc firwmare libraries v2.0\STM32_FOC_PMSM\EWARM\LIB
[3] = command line
[4] = dl7M_tln.a
[5] = m7M_tl.a
[6] = rt7M_tl.a
[7] = shb_l.a

  29 896 bytes of readonly  code memory
   1 164 bytes of readonly  data memory
   1 768 bytes of readwrite data memory

Errors: none
Warnings: none
