<html>
<body>
<pre>
<h1>µVision Build Log</h1>
<h2>Project:</h2>
C:\Users\UUA_QI\Desktop\stm32 foc firwmare libraries v2.0\stm32 foc firwmare libraries v2.0\STM32_FOC_PMSM\RVMDK\STM32_FOC_PMSM.uvproj
Project File Date:  07/13/2015

<h2>Output:</h2>
Rebuild target 'BOOT_FLASH'
Clean started - Project: 'STM32_FOC_PMSM'
   deleting intermediate output files for target 'BOOT_FLASH'
assembling stm32f10x_vector.s...
assembling cortexm3_macro.s...
compiling stm32f10x_it.c...
..\inc\MC_State_Observer_param.h(54): warning:  #2969-D: "\" followed by white space is not a line splice
                       |/_______________________________________\                       
..\inc\MC_State_Observer_param.h(70): warning:  #2969-D: "\" followed by white space is not a line splice
                       |_______________________________________________\                      
..\inc\MC_const.h(58): warning:  #2775-D: white space is required between the macro name "SIN_COS_TABLE" and its replacement text
  #define SIN_COS_TABLE{\
..\inc\MC_Control_Param.h(139): warning:  #2969-D: "\" followed by white space is not a line splice
               |/_________________________\ 
..\stm32f10x_it.c: 4 warnings, 0 errors
compiling main.c...
..\inc\MC_State_Observer_param.h(54): warning:  #2969-D: "\" followed by white space is not a line splice
                       |/_______________________________________\                       
..\inc\MC_State_Observer_param.h(70): warning:  #2969-D: "\" followed by white space is not a line splice
                       |_______________________________________________\                      
..\inc\MC_const.h(58): warning:  #2775-D: white space is required between the macro name "SIN_COS_TABLE" and its replacement text
  #define SIN_COS_TABLE{\
..\inc\MC_Control_Param.h(139): warning:  #2969-D: "\" followed by white space is not a line splice
               |/_________________________\ 
..\src\main.c: 4 warnings, 0 errors
compiling MC_Clarke_Park.c...
..\inc\MC_Control_Param.h(139): warning:  #2969-D: "\" followed by white space is not a line splice
               |/_________________________\ 
..\inc\MC_const.h(58): warning:  #2775-D: white space is required between the macro name "SIN_COS_TABLE" and its replacement text
  #define SIN_COS_TABLE{\
..\src\MC_Clarke_Park.c: 2 warnings, 0 errors
compiling MC_FOC_Drive.c...
..\inc\MC_State_Observer_param.h(54): warning:  #2969-D: "\" followed by white space is not a line splice
                       |/_______________________________________\                       
..\inc\MC_State_Observer_param.h(70): warning:  #2969-D: "\" followed by white space is not a line splice
                       |_______________________________________________\                      
..\inc\MC_const.h(58): warning:  #2775-D: white space is required between the macro name "SIN_COS_TABLE" and its replacement text
  #define SIN_COS_TABLE{\
..\inc\MC_Control_Param.h(139): warning:  #2969-D: "\" followed by white space is not a line splice
               |/_________________________\ 
..\src\MC_FOC_Drive.c: 4 warnings, 0 errors
compiling MC_MotorControl_Layer.c...
..\inc\MC_State_Observer_param.h(54): warning:  #2969-D: "\" followed by white space is not a line splice
                       |/_______________________________________\                       
..\inc\MC_State_Observer_param.h(70): warning:  #2969-D: "\" followed by white space is not a line splice
                       |_______________________________________________\                      
..\inc\MC_const.h(58): warning:  #2775-D: white space is required between the macro name "SIN_COS_TABLE" and its replacement text
  #define SIN_COS_TABLE{\
..\inc\MC_Control_Param.h(139): warning:  #2969-D: "\" followed by white space is not a line splice
               |/_________________________\ 
..\src\MC_MotorControl_Layer.c: 4 warnings, 0 errors
compiling MC_Globals.c...
..\inc\MC_const.h(58): warning:  #2775-D: white space is required between the macro name "SIN_COS_TABLE" and its replacement text
  #define SIN_COS_TABLE{\
..\src\MC_Globals.c: 1 warning, 0 errors
compiling MC_PID_regulators.c...
..\inc\MC_State_Observer_param.h(54): warning:  #2969-D: "\" followed by white space is not a line splice
                       |/_______________________________________\                       
..\inc\MC_State_Observer_param.h(70): warning:  #2969-D: "\" followed by white space is not a line splice
                       |_______________________________________________\                      
..\inc\MC_const.h(58): warning:  #2775-D: white space is required between the macro name "SIN_COS_TABLE" and its replacement text
  #define SIN_COS_TABLE{\
..\inc\MC_Control_Param.h(139): warning:  #2969-D: "\" followed by white space is not a line splice
               |/_________________________\ 
..\src\MC_PID_regulators.c: 4 warnings, 0 errors
compiling MC_State_Observer_Interface.c...
..\inc\MC_State_Observer_param.h(54): warning:  #2969-D: "\" followed by white space is not a line splice
                       |/_______________________________________\                       
..\inc\MC_State_Observer_param.h(70): warning:  #2969-D: "\" followed by white space is not a line splice
                       |_______________________________________________\                      
..\inc\MC_const.h(58): warning:  #2775-D: white space is required between the macro name "SIN_COS_TABLE" and its replacement text
  #define SIN_COS_TABLE{\
..\inc\MC_Control_Param.h(139): warning:  #2969-D: "\" followed by white space is not a line splice
               |/_________________________\ 
..\src\MC_State_Observer_Interface.c: 4 warnings, 0 errors
compiling stm32f10x_encoder.c...
..\inc\MC_State_Observer_param.h(54): warning:  #2969-D: "\" followed by white space is not a line splice
                       |/_______________________________________\                       
..\inc\MC_State_Observer_param.h(70): warning:  #2969-D: "\" followed by white space is not a line splice
                       |_______________________________________________\                      
..\inc\MC_const.h(58): warning:  #2775-D: white space is required between the macro name "SIN_COS_TABLE" and its replacement text
  #define SIN_COS_TABLE{\
..\inc\MC_Control_Param.h(139): warning:  #2969-D: "\" followed by white space is not a line splice
               |/_________________________\ 
..\src\stm32f10x_encoder.c: 4 warnings, 0 errors
compiling stm32f10x_hall.c...
..\inc\MC_State_Observer_param.h(54): warning:  #2969-D: "\" followed by white space is not a line splice
                       |/_______________________________________\                       
..\inc\MC_State_Observer_param.h(70): warning:  #2969-D: "\" followed by white space is not a line splice
                       |_______________________________________________\                      
..\inc\MC_const.h(58): warning:  #2775-D: white space is required between the macro name "SIN_COS_TABLE" and its replacement text
  #define SIN_COS_TABLE{\
..\inc\MC_Control_Param.h(139): warning:  #2969-D: "\" followed by white space is not a line splice
               |/_________________________\ 
..\src\stm32f10x_hall.c: 4 warnings, 0 errors
compiling stm32f10x_Timebase.c...
..\inc\MC_State_Observer_param.h(54): warning:  #2969-D: "\" followed by white space is not a line splice
                       |/_______________________________________\                       
..\inc\MC_State_Observer_param.h(70): warning:  #2969-D: "\" followed by white space is not a line splice
                       |_______________________________________________\                      
..\inc\MC_const.h(58): warning:  #2775-D: white space is required between the macro name "SIN_COS_TABLE" and its replacement text
  #define SIN_COS_TABLE{\
..\inc\MC_Control_Param.h(139): warning:  #2969-D: "\" followed by white space is not a line splice
               |/_________________________\ 
..\src\stm32f10x_Timebase.c: 4 warnings, 0 errors
compiling stm32f10x_MCdac.c...
..\inc\MC_State_Observer_param.h(54): warning:  #2969-D: "\" followed by white space is not a line splice
                       |/_______________________________________\                       
..\inc\MC_State_Observer_param.h(70): warning:  #2969-D: "\" followed by white space is not a line splice
                       |_______________________________________________\                      
..\inc\MC_const.h(58): warning:  #2775-D: white space is required between the macro name "SIN_COS_TABLE" and its replacement text
  #define SIN_COS_TABLE{\
..\inc\MC_Control_Param.h(139): warning:  #2969-D: "\" followed by white space is not a line splice
               |/_________________________\ 
..\src\stm32f10x_MCdac.c: 4 warnings, 0 errors
compiling stm32f10x_svpwm_ics.c...
..\inc\MC_State_Observer_param.h(54): warning:  #2969-D: "\" followed by white space is not a line splice
                       |/_______________________________________\                       
..\inc\MC_State_Observer_param.h(70): warning:  #2969-D: "\" followed by white space is not a line splice
                       |_______________________________________________\                      
..\inc\MC_Control_Param.h(139): warning:  #2969-D: "\" followed by white space is not a line splice
               |/_________________________\ 
..\inc\MC_const.h(58): warning:  #2775-D: white space is required between the macro name "SIN_COS_TABLE" and its replacement text
  #define SIN_COS_TABLE{\
..\src\stm32f10x_svpwm_ics.c: 4 warnings, 0 errors
compiling MC_Display.c...
..\inc\MC_State_Observer_param.h(54): warning:  #2969-D: "\" followed by white space is not a line splice
                       |/_______________________________________\                       
..\inc\MC_State_Observer_param.h(70): warning:  #2969-D: "\" followed by white space is not a line splice
                       |_______________________________________________\                      
..\inc\MC_const.h(58): warning:  #2775-D: white space is required between the macro name "SIN_COS_TABLE" and its replacement text
  #define SIN_COS_TABLE{\
..\inc\MC_Control_Param.h(139): warning:  #2969-D: "\" followed by white space is not a line splice
               |/_________________________\ 
..\src\MC_Display.c: 4 warnings, 0 errors
compiling MC_Keys.c...
..\inc\MC_State_Observer_param.h(54): warning:  #2969-D: "\" followed by white space is not a line splice
                       |/_______________________________________\                       
..\inc\MC_State_Observer_param.h(70): warning:  #2969-D: "\" followed by white space is not a line splice
                       |_______________________________________________\                      
..\inc\MC_const.h(58): warning:  #2775-D: white space is required between the macro name "SIN_COS_TABLE" and its replacement text
  #define SIN_COS_TABLE{\
..\inc\MC_Control_Param.h(139): warning:  #2969-D: "\" followed by white space is not a line splice
               |/_________________________\ 
..\src\MC_Keys.c: 4 warnings, 0 errors
compiling stm32f10x_lcd.c...
compiling stm32f10x_wwdg.c...
compiling stm32f10x_adc.c...
compiling stm32f10x_bkp.c...
compiling stm32f10x_can.c...
compiling stm32f10x_dma.c...
compiling stm32f10x_exti.c...
compiling stm32f10x_flash.c...
compiling stm32f10x_gpio.c...
compiling stm32f10x_i2c.c...
compiling stm32f10x_iwdg.c...
compiling stm32f10x_lib.c...
compiling stm32f10x_nvic.c...
compiling stm32f10x_pwr.c...
compiling stm32f10x_rcc.c...
compiling stm32f10x_rtc.c...
compiling stm32f10x_spi.c...
compiling stm32f10x_systick.c...
compiling stm32f10x_tim.c...
compiling stm32f10x_usart.c...
compiling stm32f10x_dbgmcu.c...
linking...
Program Size: Code=20700 RO-data=6100 RW-data=332 ZI-data=1332  
".\Obj\BOOT_FLASH.axf" - 0 Error(s), 55 Warning(s).

*** Performing Cross-Module-Optimization:
compiling MC_PID_regulators.c...
..\inc\MC_State_Observer_param.h(54): warning:  #2969-D: "\" followed by white space is not a line splice
                       |/_______________________________________\                       
..\inc\MC_State_Observer_param.h(70): warning:  #2969-D: "\" followed by white space is not a line splice
                       |_______________________________________________\                      
..\inc\MC_const.h(58): warning:  #2775-D: white space is required between the macro name "SIN_COS_TABLE" and its replacement text
  #define SIN_COS_TABLE{\
..\inc\MC_Control_Param.h(139): warning:  #2969-D: "\" followed by white space is not a line splice
               |/_________________________\ 
..\src\MC_PID_regulators.c: 4 warnings, 0 errors
compiling MC_State_Observer_Interface.c...
..\inc\MC_State_Observer_param.h(54): warning:  #2969-D: "\" followed by white space is not a line splice
                       |/_______________________________________\                       
..\inc\MC_State_Observer_param.h(70): warning:  #2969-D: "\" followed by white space is not a line splice
                       |_______________________________________________\                      
..\inc\MC_const.h(58): warning:  #2775-D: white space is required between the macro name "SIN_COS_TABLE" and its replacement text
  #define SIN_COS_TABLE{\
..\inc\MC_Control_Param.h(139): warning:  #2969-D: "\" followed by white space is not a line splice
               |/_________________________\ 
..\src\MC_State_Observer_Interface.c: 4 warnings, 0 errors
compiling stm32f10x_encoder.c...
..\inc\MC_State_Observer_param.h(54): warning:  #2969-D: "\" followed by white space is not a line splice
                       |/_______________________________________\                       
..\inc\MC_State_Observer_param.h(70): warning:  #2969-D: "\" followed by white space is not a line splice
                       |_______________________________________________\                      
..\inc\MC_const.h(58): warning:  #2775-D: white space is required between the macro name "SIN_COS_TABLE" and its replacement text
  #define SIN_COS_TABLE{\
..\inc\MC_Control_Param.h(139): warning:  #2969-D: "\" followed by white space is not a line splice
               |/_________________________\ 
..\src\stm32f10x_encoder.c: 4 warnings, 0 errors
compiling stm32f10x_hall.c...
..\inc\MC_State_Observer_param.h(54): warning:  #2969-D: "\" followed by white space is not a line splice
                       |/_______________________________________\                       
..\inc\MC_State_Observer_param.h(70): warning:  #2969-D: "\" followed by white space is not a line splice
                       |_______________________________________________\                      
..\inc\MC_const.h(58): warning:  #2775-D: white space is required between the macro name "SIN_COS_TABLE" and its replacement text
  #define SIN_COS_TABLE{\
..\inc\MC_Control_Param.h(139): warning:  #2969-D: "\" followed by white space is not a line splice
               |/_________________________\ 
..\src\stm32f10x_hall.c: 4 warnings, 0 errors
compiling stm32f10x_svpwm_ics.c...
..\inc\MC_State_Observer_param.h(54): warning:  #2969-D: "\" followed by white space is not a line splice
                       |/_______________________________________\                       
..\inc\MC_State_Observer_param.h(70): warning:  #2969-D: "\" followed by white space is not a line splice
                       |_______________________________________________\                      
..\inc\MC_Control_Param.h(139): warning:  #2969-D: "\" followed by white space is not a line splice
               |/_________________________\ 
..\inc\MC_const.h(58): warning:  #2775-D: white space is required between the macro name "SIN_COS_TABLE" and its replacement text
  #define SIN_COS_TABLE{\
..\src\stm32f10x_svpwm_ics.c: 4 warnings, 0 errors
compiling stm32f10x_lcd.c...
compiling stm32f10x_wwdg.c...
compiling stm32f10x_adc.c...
compiling stm32f10x_bkp.c...
compiling stm32f10x_can.c...
compiling stm32f10x_dma.c...
compiling stm32f10x_exti.c...
compiling stm32f10x_flash.c...
compiling stm32f10x_gpio.c...
compiling stm32f10x_i2c.c...
compiling stm32f10x_iwdg.c...
compiling stm32f10x_nvic.c...
compiling stm32f10x_pwr.c...
compiling stm32f10x_rcc.c...
compiling stm32f10x_rtc.c...
compiling stm32f10x_spi.c...
compiling stm32f10x_systick.c...
compiling stm32f10x_tim.c...
compiling stm32f10x_usart.c...
compiling stm32f10x_dbgmcu.c...
linking...
Program Size: Code=20700 RO-data=6100 RW-data=332 ZI-data=1332  
".\Obj\BOOT_FLASH.axf" - 0 Error(s), 20 Warning(s).
*** Completed Cross-Module-Optimization after 2 iteration(s).
Load "C:\\Users\\UUA_QI\\Desktop\\stm32 foc firwmare libraries v2.0\\stm32 foc firwmare libraries v2.0\\STM32_FOC_PMSM\\RVMDK\\Obj\\BOOT_FLASH.axf" 
Internal DLL Error
Error: Flash Download failed  -  Target DLL has been cancelled
Load "C:\\Users\\UUA_QI\\Desktop\\stm32 foc firwmare libraries v2.0\\stm32 foc firwmare libraries v2.0\\STM32_FOC_PMSM\\RVMDK\\Obj\\BOOT_FLASH.axf" 
Internal DLL Error
Error: Flash Download failed  -  Target DLL has been cancelled
Load "C:\\Users\\UUA_QI\\Desktop\\stm32 foc firwmare libraries v2.0\\stm32 foc firwmare libraries v2.0\\STM32_FOC_PMSM\\RVMDK\\Obj\\BOOT_FLASH.axf" 
Internal DLL Error
Error: Flash Download failed  -  Target DLL has been cancelled
Load "C:\\Users\\UUA_QI\\Desktop\\stm32 foc firwmare libraries v2.0\\stm32 foc firwmare libraries v2.0\\STM32_FOC_PMSM\\RVMDK\\Obj\\BOOT_FLASH.axf" 
Set JLink Project File to "C:\Users\UUA_QI\Desktop\stm32 foc firwmare libraries v2.0\stm32 foc firwmare libraries v2.0\STM32_FOC_PMSM\RVMDK\JLinkSettings.ini"
* JLink Info: Device "STM32F103VB" selected (128 KB flash, 20 KB RAM).
 
JLink info:
------------
DLL: V4.71c, compiled Jun  8 2013 03:01:39
Firmware: J-Link ARM V8 compiled Nov 25 2013 19:20:08
Hardware: V8.00
S/N : 99991999 
Feature(s) : RDI,FlashDL,FlashBP,JFlash,GDBFULL 
 
* JLink Info: Could not measure total IR len. TDO is constant high.
* JLink Info: STM32F1xxx: Can not attach to CPU. Trying connect under reset.
* JLink Info: TotalIRLen = 9, IRPrint = 0x0011
* JLink Info: TotalIRLen = 9, IRPrint = 0x0011
* JLink Info: Found Cortex-M3 r1p1, Little endian.
* JLink Info: TPIU fitted.
* JLink Info: FPUnit: 6 code (BP) slots and 2 literal slots
ROMTableAddr = 0xE00FF003
* JLink Info: Found Cortex-M3 r1p1, Little endian.
* JLink Info: TPIU fitted.
* JLink Info: FPUnit: 6 code (BP) slots and 2 literal slots
 
Target info:
------------
Device: STM32F103VB
VTarget = 3.338V
State of Pins: 
TCK: 1, TDI: 0, TDO: 1, TMS: 0, TRES: 1, TRST: 1
Hardware-Breakpoints: 6
Software-Breakpoints: 8192
Watchpoints:          4
JTAG speed: 9600 kHz
 
Erase Done.
Programming Done.
Verify OK.
* JLink Info: Found Cortex-M3 r1p1, Little endian.
* JLink Info: TPIU fitted.
* JLink Info: FPUnit: 6 code (BP) slots and 2 literal slots
Application running ...
</pre>
</body>
</html>
